Component: ARM Compiler 5.06 update 5 (build 528) Tool: armlink [4d35e2]

==============================================================================

Section Cross References

    main.o(i.main) refers to hardware.o(i.MCU_Init) for MCU_Init
    main.o(i.main) refers to init.o(i.Hadrware_Init) for Hadrware_Init
    main.o(i.main) refers to kernel.o(i.KernelPolling) for KernelPolling
    hardware.o(i.MCU_Init) refers to system_msp432p401r.o(i.SystemCoreClockUpdate) for SystemCoreClockUpdate
    hardware.o(i.MCU_Init) refers to timer_drv.o(i.SysTick_Configuration) for SysTick_Configuration
    hardware.o(i.MCU_Init) refers to motor.o(i.Motor_Init) for Motor_Init
    hardware.o(i.MCU_Init) refers to timer_drv.o(i.Delay_ms) for Delay_ms
    hardware.o(i.MCU_Init) refers to hardware_i2c.o(i.I2C_Init) for I2C_Init
    hardware.o(i.MCU_Init) refers to hardware_uart.o(i.USART_Init) for USART_Init
    motor.o(i.Motor_Calc) refers to gpio.o(i.GPIO_setAsInputPinWithPullUpResistor) for GPIO_setAsInputPinWithPullUpResistor
    motor.o(i.Motor_Calc) refers to eeprom.o(i.HAL_EEPROM_Write) for HAL_EEPROM_Write
    motor.o(i.Motor_Calc) refers to eeprom.o(i.HAL_EEPROM_Read) for HAL_EEPROM_Read
    motor.o(i.Motor_Calc) refers to timer_a.o(i.Timer_A_setCompareValue) for Timer_A_setCompareValue
    motor.o(i.Motor_Calc) refers to timer_drv.o(i.Delay_ms) for Delay_ms
    motor.o(i.Motor_Init) refers to motor.o(.data) for pwmConfig
    motor.o(i.UpdateMotor) refers to timer_a.o(i.Timer_A_setCompareValue) for Timer_A_setCompareValue
    hardware_i2c.o(i.I2C_Read_Byte) refers to hardware_i2c.o(i.IIC_Start) for IIC_Start
    hardware_i2c.o(i.I2C_Read_Byte) refers to hardware_i2c.o(i.IIC_SendByte) for IIC_SendByte
    hardware_i2c.o(i.I2C_Read_Byte) refers to hardware_i2c.o(i.IIC_RecvACK) for IIC_RecvACK
    hardware_i2c.o(i.I2C_Read_Byte) refers to hardware_i2c.o(i.IIC_RecvByte) for IIC_RecvByte
    hardware_i2c.o(i.I2C_Read_Byte) refers to hardware_i2c.o(i.IIC_SendACK) for IIC_SendACK
    hardware_i2c.o(i.I2C_Read_Byte) refers to hardware_i2c.o(i.IIC_Stop) for IIC_Stop
    hardware_i2c.o(i.I2C_Read_Bytes) refers to hardware_i2c.o(i.IIC_Start) for IIC_Start
    hardware_i2c.o(i.I2C_Read_Bytes) refers to hardware_i2c.o(i.IIC_SendByte) for IIC_SendByte
    hardware_i2c.o(i.I2C_Read_Bytes) refers to hardware_i2c.o(i.IIC_RecvACK) for IIC_RecvACK
    hardware_i2c.o(i.I2C_Read_Bytes) refers to hardware_i2c.o(i.IIC_RecvByte) for IIC_RecvByte
    hardware_i2c.o(i.I2C_Read_Bytes) refers to hardware_i2c.o(i.IIC_SendACK) for IIC_SendACK
    hardware_i2c.o(i.I2C_Read_Bytes) refers to hardware_i2c.o(i.IIC_Stop) for IIC_Stop
    hardware_i2c.o(i.I2C_Write_Byte) refers to hardware_i2c.o(i.IIC_Start) for IIC_Start
    hardware_i2c.o(i.I2C_Write_Byte) refers to hardware_i2c.o(i.IIC_SendByte) for IIC_SendByte
    hardware_i2c.o(i.I2C_Write_Byte) refers to hardware_i2c.o(i.IIC_RecvACK) for IIC_RecvACK
    hardware_i2c.o(i.I2C_Write_Byte) refers to hardware_i2c.o(i.IIC_Stop) for IIC_Stop
    hardware_i2c.o(i.IIC_RecvACK) refers to hardware_i2c.o(i.IIC_Stop) for IIC_Stop
    hardware_i2c.o(i.IIC_RecvACK) refers to hardware_i2c.o(i.delay) for delay
    hardware_i2c.o(i.IIC_RecvACK) refers to hardware_i2c.o(.data) for Ack_Count
    hardware_i2c.o(i.IIC_RecvByte) refers to hardware_i2c.o(i.delay) for delay
    hardware_i2c.o(i.IIC_SendACK) refers to hardware_i2c.o(i.delay) for delay
    hardware_i2c.o(i.IIC_SendByte) refers to hardware_i2c.o(i.delay) for delay
    hardware_i2c.o(i.IIC_Start) refers to hardware_i2c.o(i.delay) for delay
    hardware_i2c.o(i.IIC_Stop) refers to hardware_i2c.o(i.delay) for delay
    hardware_uart.o(i.EUSCIA0_IRQHandler) refers to uart.o(i.UART_clearInterruptFlag) for UART_clearInterruptFlag
    hardware_uart.o(i.EUSCIA0_IRQHandler) refers to ano_of.o(i.AnoOF_GetOneByte) for AnoOF_GetOneByte
    hardware_uart.o(i.EUSCIA0_IRQHandler) refers to uart.o(i.UART_transmitData) for UART_transmitData
    hardware_uart.o(i.EUSCIA0_IRQHandler) refers to hardware_uart.o(.bss) for UsartGroup
    hardware_uart.o(i.EUSCIA1_IRQHandler) refers to uart.o(i.UART_clearInterruptFlag) for UART_clearInterruptFlag
    hardware_uart.o(i.EUSCIA1_IRQHandler) refers to uart.o(i.UART_transmitData) for UART_transmitData
    hardware_uart.o(i.EUSCIA1_IRQHandler) refers to hardware_uart.o(.bss) for UsartGroup
    hardware_uart.o(i.EUSCIA2_IRQHandler) refers to uart.o(i.UART_clearInterruptFlag) for UART_clearInterruptFlag
    hardware_uart.o(i.EUSCIA2_IRQHandler) refers to hardware_uart.o(i.UART_A2_ReceiveHandle) for UART_A2_ReceiveHandle
    hardware_uart.o(i.EUSCIA2_IRQHandler) refers to hardware_uart.o(.bss) for UsartGroup
    hardware_uart.o(i.EUSCIA3_IRQHandler) refers to uart.o(i.UART_clearInterruptFlag) for UART_clearInterruptFlag
    hardware_uart.o(i.EUSCIA3_IRQHandler) refers to ano_dt.o(i.ANO_DT_Data_Receive_Prepare) for ANO_DT_Data_Receive_Prepare
[...]
    .ARM.Collect$$$$0000000A                 0x0000014c   Section        0  entry8b.o(.ARM.Collect$$$$0000000A)
    .ARM.Collect$$$$0000000B                 0x0000014c   Section        8  entry9a.o(.ARM.Collect$$$$0000000B)
    .ARM.Collect$$$$0000000D                 0x00000154   Section        0  entry10a.o(.ARM.Collect$$$$0000000D)
    .ARM.Collect$$$$0000000F                 0x00000154   Section        0  entry11a.o(.ARM.Collect$$$$0000000F)
    .ARM.Collect$$$$00002712                 0x00000154   Section        4  entry2.o(.ARM.Collect$$$$00002712)
    __lit__00000000                          0x00000154   Data           4  entry2.o(.ARM.Collect$$$$00002712)
    .text                                    0x00000158   Section       36  startup_msp432p401r_uvision.o(.text)
    $v0                                      0x00000158   Number         0  startup_msp432p401r_uvision.o(.text)
    .text                                    0x0000017c   Section        0  llshl.o(.text)
    .text                                    0x0000019a   Section        0  llsshr.o(.text)
    .text                                    0x000001be   Section        0  memcpya.o(.text)
    .text                                    0x000001e2   Section        0  memseta.o(.text)
    .text                                    0x00000206   Section        0  dadd.o(.text)
    .text                                    0x00000354   Section        0  dmul.o(.text)
    .text                                    0x00000438   Section        0  ddiv.o(.text)
    .text                                    0x00000516   Section        0  dflti.o(.text)
    .text                                    0x00000538   Section        0  dfltui.o(.text)
    .text                                    0x00000552   Section        0  dfixui.o(.text)
    .text                                    0x00000584   Section        0  f2d.o(.text)
    .text                                    0x000005ac   Section       48  cdrcmple.o(.text)
    .text                                    0x000005dc   Section        0  d2f.o(.text)
    .text                                    0x00000614   Section        0  llushr.o(.text)
    .text                                    0x00000634   Section        0  fepilogue.o(.text)
    .text                                    0x00000634   Section        0  iusefp.o(.text)
    .text                                    0x000006a2   Section        0  depilogue.o(.text)
    .text                                    0x0000075c   Section        0  dscalb.o(.text)
    .text                                    0x0000078a   Section        0  dsqrt.o(.text)
    .text                                    0x0000082c   Section       36  init.o(.text)
    .text                                    0x00000850   Section        0  __dczerorl.o(.text)
    i.ALT_Ctrl                               0x0000088c   Section        0  height_control.o(i.ALT_Ctrl)
    i.ANO_DT_Data_Receive_Anl                0x00000d48   Section        0  ano_dt.o(i.ANO_DT_Data_Receive_Anl)
    i.ANO_DT_Data_Receive_Anl_Task           0x00000e3c   Section        0  ano_dt.o(i.ANO_DT_Data_Receive_Anl_Task)
    i.ANO_DT_Data_Receive_Prepare            0x00000e68   Section        0  ano_dt.o(i.ANO_DT_Data_Receive_Prepare)
    i.ANO_DT_GetParame                       0x00000f54   Section        0  ano_dt.o(i.ANO_DT_GetParame)
    i.ANO_DT_ParListToParUsed                0x00000f78   Section        0  ano_dt.o(i.ANO_DT_ParListToParUsed)
    i.ANO_DT_SendCmd                         0x00001168   Section        0  ano_dt.o(i.ANO_DT_SendCmd)
    i.ANO_DT_Send_Data                       0x0000125c   Section        0  ano_dt.o(i.ANO_DT_Send_Data)
    i.ATT_Update                             0x00001274   Section        0  imu.o(i.ATT_Update)
    i.ActionHoldPoint                        0x00001714   Section        0  followline_eg2.o(i.ActionHoldPoint)
    i.AnalyRC                                0x00001750   Section        0  remote.o(i.AnalyRC)
    i.AnoOF_Check                            0x00001aa8   Section        0  ano_of.o(i.AnoOF_Check)
    AnoOF_Check                              0x00001aa9   Thumb Code   108  ano_of.o(i.AnoOF_Check)
    i.AnoOF_DataAnl                          0x00001b20   Section        0  ano_of.o(i.AnoOF_DataAnl)
    i.AnoOF_GetOneByte                       0x00001bf8   Section        0  ano_of.o(i.AnoOF_GetOneByte)
    i.AnoOF_State_Get                        0x00001cf8   Section        0  ano_of.o(i.AnoOF_State_Get)
    AnoOF_State_Get                          0x00001cf9   Thumb Code    30  ano_of.o(i.AnoOF_State_Get)
    i.AnoOF_State_Task                       0x00001d1c   Section        0  ano_of.o(i.AnoOF_State_Task)
    i.ClacCascadePID                         0x00001d26   Section        0  pid.o(i.ClacCascadePID)
    i.Delay_ms                               0x00001d4c   Section        0  timer_drv.o(i.Delay_ms)
    i.Delay_us                               0x00001d66   Section        0  timer_drv.o(i.Delay_us)
    i.EUSCIA0_IRQHandler                     0x00001d80   Section        0  hardware_uart.o(i.EUSCIA0_IRQHandler)
    i.EUSCIA1_IRQHandler                     0x00001e30   Section        0  hardware_uart.o(i.EUSCIA1_IRQHandler)
    i.EUSCIA2_IRQHandler                     0x00001eec   Section        0  hardware_uart.o(i.EUSCIA2_IRQHandler)
    i.EUSCIA3_IRQHandler                     0x00001f8c   Section        0  hardware_uart.o(i.EUSCIA3_IRQHandler)
    i.EUSCIB0_IRQHandler                     0x00002050   Section        0  msp432_interrupt.o(i.EUSCIB0_IRQHandler)
    i.FC_Unlock_Fun                          0x00002054   Section        0  program_ctrl.o(i.FC_Unlock_Fun)
    FC_Unlock_Fun                            0x00002055   Thumb Code    16  program_ctrl.o(i.FC_Unlock_Fun)
    i.FlightPidControl                       0x00002068   Section        0  control.o(i.FlightPidControl)
    i.FlyCtrlReset                           0x0000228c   Section        0  program_ctrl.o(i.FlyCtrlReset)
    i.Follow_Init                            0x000022fc   Section        0  followline_eg2.o(i.Follow_Init)
    i.GetAngle                               0x00002444   Section        0  imu.o(i.GetAngle)
    i.GetMPU6050Data                         0x00002528   Section        0  mpu6050.o(i.GetMPU6050Data)
    i.GetMPU6050Offset                       0x00002618   Section        0  mpu6050.o(i.GetMPU6050Offset)
    i.GetSysTime_us                          0x0000280c   Section        0  timer_drv.o(i.GetSysTime_us)
    i.Hadrware_Init                          0x00002850   Section        0  init.o(i.Hadrware_Init)
    i.HardFault_Handler                      0x000028a4   Section        0  msp432_interrupt.o(i.HardFault_Handler)
    i.Hardware_LED_Green_OFF                 0x000028a8   Section        0  hardware.o(i.Hardware_LED_Green_OFF)
    i.Hardware_LED_Green_ON                  0x000028bc   Section        0  hardware.o(i.Hardware_LED_Green_ON)
    i.Hardware_LED_Green_TOGGLE              0x000028d0   Section        0  hardware.o(i.Hardware_LED_Green_TOGGLE)
    i.Hardware_LED_Red_OFF                   0x000028d4   Section        0  hardware.o(i.Hardware_LED_Red_OFF)
    i.Hardware_LED_Red_ON                    0x000028e8   Section        0  hardware.o(i.Hardware_LED_Red_ON)
    i.Hardware_LED_Red_TOGGLE                0x000028fc   Section        0  hardware.o(i.Hardware_LED_Red_TOGGLE)
    i.I2C_Init                               0x00002900   Section        0  hardware_i2c.o(i.I2C_Init)
    i.I2C_Read_Byte                          0x00002914   Section        0  hardware_i2c.o(i.I2C_Read_Byte)
    i.I2C_Read_Bytes                         0x00002954   Section        0  hardware_i2c.o(i.I2C_Read_Bytes)
    i.I2C_Write_Byte                         0x000029b6   Section        0  hardware_i2c.o(i.I2C_Write_Byte)
    i.IIC_RecvACK                            0x000029e8   Section        0  hardware_i2c.o(i.IIC_RecvACK)
    i.IIC_RecvByte                           0x00002a54   Section        0  hardware_i2c.o(i.IIC_RecvByte)
    i.IIC_SendACK                            0x00002ab8   Section        0  hardware_i2c.o(i.IIC_SendACK)
    i.IIC_SendByte                           0x00002b44   Section        0  hardware_i2c.o(i.IIC_SendByte)
    i.IIC_Start                              0x00002bd0   Section        0  hardware_i2c.o(i.IIC_Start)
    i.IIC_Stop                               0x00002c2c   Section        0  hardware_i2c.o(i.IIC_Stop)
    i.IMU_Reset                              0x00002c84   Section        0  imu.o(i.IMU_Reset)
    i.KernelPolling                          0x00002cb0   Section        0  kernel.o(i.KernelPolling)
    i.LEDEventHandle                         0x00002dd8   Section        0  led.o(i.LEDEventHandle)
    i.LEDInit                                0x00002e6c   Section        0  led.o(i.LEDInit)
    i.MCU_Init                               0x00002ed8   Section        0  hardware.o(i.MCU_Init)
    i.MPU6050Init                            0x00002f0c   Section        0  mpu6050.o(i.MPU6050Init)
    i.MotorControl                           0x00002fa0   Section        0  control.o(i.MotorControl)
    i.Motor_Init                             0x00003308   Section        0  motor.o(i.Motor_Init)
    i.One_Key_Land                           0x0000338c   Section        0  program_ctrl.o(i.One_Key_Land)
    i.One_Key_Take_off_Land_Ctrl_Task        0x000033a0   Section        0  program_ctrl.o(i.One_Key_Take_off_Land_Ctrl_Task)
    i.One_Key_Takeoff                        0x000034dc   Section        0  program_ctrl.o(i.One_Key_Takeoff)
    i.PID_Init                               0x000034f4   Section        0  init.o(i.PID_Init)
    i.POS_Ctrl                               0x000035b4   Section        0  pos_ctrl.o(i.POS_Ctrl)
    i.PendSV_Handler                         0x00003948   Section        0  msp432_interrupt.o(i.PendSV_Handler)
    i.PollingLED                             0x0000394c   Section        0  led.o(i.PollingLED)
    i.PollingUSART                           0x000039e4   Section        0  hardware_uart.o(i.PollingUSART)
    i.Program_Ctrl_Task                      0x00003b44   Section        0  program_ctrl.o(i.Program_Ctrl_Task)
    i.Q_rsqrt                                0x00004000   Section        0  mymath.o(i.Q_rsqrt)
    i.RCReceiveHandle                        0x00004044   Section        0  remote.o(i.RCReceiveHandle)
    i.RemoteUnlock                           0x000041bc   Section        0  remote.o(i.RemoteUnlock)
    i.Remote_init                            0x000042bc   Section        0  remote.o(i.Remote_init)
    i.ResetAlt                               0x000042e8   Section        0  spl06.o(i.ResetAlt)
    i.ResetPID                               0x000042f8   Section        0  pid.o(i.ResetPID)
    i.SPL06Check                             0x0000435c   Section        0  spl06.o(i.SPL06Check)
    i.SPL06Init                              0x00004380   Section        0  spl06.o(i.SPL06Init)
    i.SPL06Update                            0x00004404   Section        0  spl06.o(i.SPL06Update)
    i.SVC_Handler                            0x00004406   Section        0  msp432_interrupt.o(i.SVC_Handler)
    i.SysTick_Configuration                  0x00004408   Section        0  timer_drv.o(i.SysTick_Configuration)
    i.SysTick_Handler                        0x0000447c   Section        0  timer_drv.o(i.SysTick_Handler)
    i.SystemCoreClockUpdate                  0x000044d8   Section        0  system_msp432p401r.o(i.SystemCoreClockUpdate)
    i.SystemInit                             0x00004714   Section        0  system_msp432p401r.o(i.SystemInit)
    i.Timer_A_setCompareValue                0x000047ec   Section        0  timer_a.o(i.Timer_A_setCompareValue)
    i.UART_A0_ReceiveHandle                  0x00004800   Section        0  hardware_uart.o(i.UART_A0_ReceiveHandle)
    i.UART_A1_ReceiveHandle                  0x00004810   Section        0  hardware_uart.o(i.UART_A1_ReceiveHandle)
    i.UART_A2_ReceiveHandle                  0x00004820   Section        0  hardware_uart.o(i.UART_A2_ReceiveHandle)
    i.UART_A3_ReceiveHandle                  0x0000483c   Section        0  hardware_uart.o(i.UART_A3_ReceiveHandle)
    i.UART_clearInterruptFlag                0x0000483e   Section        0  uart.o(i.UART_clearInterruptFlag)
    i.UART_transmitData                      0x00004846   Section        0  uart.o(i.UART_transmitData)
    i.USART_Init                             0x00004870   Section        0  hardware_uart.o(i.USART_Init)
    i.USART_TX                               0x00004a68   Section        0  hardware_uart.o(i.USART_TX)
    i.UpdateAction                           0x00004ab4   Section        0  followline_eg2.o(i.UpdateAction)
    i.UpdateButton                           0x00004b94   Section        0  followline_eg2.o(i.UpdateButton)
    i.UpdateCMD                              0x00004c04   Section        0  program_ctrl.o(i.UpdateCMD)
    i.UpdateCentControl                      0x00004c20   Section        0  followline_eg2.o(i.UpdateCentControl)
    i.UpdateMotor                            0x00004c40   Section        0  motor.o(i.UpdateMotor)
    i.UpdatePID                              0x00004cf4   Section        0  pid.o(i.UpdatePID)
    i.UpdateSPL06Info                        0x00004e90   Section        0  spl06.o(i.UpdateSPL06Info)
    i.UpdateStatus                           0x00004fa0   Section        0  followline_eg2.o(i.UpdateStatus)
    i.WZ_Est_Calcu                           0x00005070   Section        0  speed_estimator.o(i.WZ_Est_Calcu)
    i.WZ_Fix_Calcu                           0x000050a8   Section        0  speed_estimator.o(i.WZ_Fix_Calcu)
    i.WZ_Fus_Reset                           0x00005244   Section        0  speed_estimator.o(i.WZ_Fus_Reset)
    i.WZ_Obs_Calcu                           0x00005284   Section        0  speed_estimator.o(i.WZ_Obs_Calcu)
    i.__0sprintf$bare                        0x00005414   Section        0  printfb.o(i.__0sprintf$bare)
    i.__ARM_fpclassify                       0x00005438   Section        0  fpclassify.o(i.__ARM_fpclassify)
    i.__ARM_fpclassifyf                      0x00005468   Section        0  fpclassifyf.o(i.__ARM_fpclassifyf)
    i.__hardfp_asin                          0x00005490   Section        0  asin.o(i.__hardfp_asin)
    i.__hardfp_atan2f                        0x000057f0   Section        0  atan2f.o(i.__hardfp_atan2f)
    i.__hardfp_pow                           0x00005a40   Section        0  pow.o(i.__hardfp_pow)
    i.__kernel_poly                          0x00006690   Section        0  poly.o(i.__kernel_poly)
    i.__mathlib_dbl_divzero                  0x00006788   Section        0  dunder.o(i.__mathlib_dbl_divzero)
    i.__mathlib_dbl_infnan                   0x000067b8   Section        0  dunder.o(i.__mathlib_dbl_infnan)
    i.__mathlib_dbl_infnan2                  0x000067cc   Section        0  dunder.o(i.__mathlib_dbl_infnan2)
    i.__mathlib_dbl_invalid                  0x000067e0   Section        0  dunder.o(i.__mathlib_dbl_invalid)
    i.__mathlib_dbl_overflow                 0x00006800   Section        0  dunder.o(i.__mathlib_dbl_overflow)
    i.__mathlib_dbl_underflow                0x00006820   Section        0  dunder.o(i.__mathlib_dbl_underflow)
    i.__mathlib_flt_infnan2                  0x00006840   Section        0  funder.o(i.__mathlib_flt_infnan2)
    i.__mathlib_flt_underflow                0x00006848   Section        0  funder.o(i.__mathlib_flt_underflow)
    i.__scatterload_copy                     0x00006858   Section       14  handlers.o(i.__scatterload_copy)
    i.__scatterload_null                     0x00006866   Section        2  handlers.o(i.__scatterload_null)
    i.__scatterload_zeroinit                 0x00006868   Section       14  handlers.o(i.__scatterload_zeroinit)
    i.__set_errno                            0x00006878   Section        0  errno.o(i.__set_errno)
    i._printf_core                           0x00006884   Section        0  printfb.o(i._printf_core)
    _printf_core                             0x00006885   Thumb Code    34  printfb.o(i._printf_core)
    i._sputc                                 0x000068a6   Section        0  printfb.o(i._sputc)
    _sputc                                   0x000068a7   Thumb Code    10  printfb.o(i._sputc)
    i.bsp_SPL06_Get_Calib_Coef               0x000068b0   Section        0  spl06.o(i.bsp_SPL06_Get_Calib_Coef)
    i.bsp_SPL06_Get_Pressure                 0x00006a98   Section        0  spl06.o(i.bsp_SPL06_Get_Pressure)
    i.bsp_SPL06_Get_Pressure_Adc             0x00006b5c   Section        0  spl06.o(i.bsp_SPL06_Get_Pressure_Adc)
    i.bsp_SPL06_Pressure_Rate_Set            0x00006b9c   Section        0  spl06.o(i.bsp_SPL06_Pressure_Rate_Set)
    i.bsp_SPL06_Set_And_Start_Measure        0x00006d06   Section        0  spl06.o(i.bsp_SPL06_Set_And_Start_Measure)
    i.bsp_SPL06_Temperature_Rate_Set         0x00006d1a   Section        0  spl06.o(i.bsp_SPL06_Temperature_Rate_Set)
    i.deQueue                                0x00006e94   Section        0  queue.o(i.deQueue)
    i.delay                                  0x00006ee8   Section        0  hardware_i2c.o(i.delay)
    i.enQueue                                0x00006ef6   Section        0  queue.o(i.enQueue)
    i.fabs                                   0x00006f4a   Section        0  fabs.o(i.fabs)
    i.gcs_init                               0x00006f64   Section        0  gcs.o(i.gcs_init)
    i.main                                   0x00006fa8   Section        0  main.o(i.main)
    i.server_init                            0x00006fb8   Section        0  server.o(i.server_init)
    i.sqrt                                   0x00007004   Section        0  sqrt.o(i.sqrt)
    .constdata                               0x00007074   Section      144  hardware_uart.o(.constdata)
    .constdata                               0x00007104   Section       24  server.o(.constdata)
    .constdata                               0x0000711c   Section       24  mymath.o(.constdata)
    .constdata                               0x00007138   Section       80  asin.o(.constdata)
    pS                                       0x00007138   Data          48  asin.o(.constdata)
    qS                                       0x00007168   Data          32  asin.o(.constdata)
    .constdata                               0x00007188   Section      136  pow.o(.constdata)
    bp                                       0x00007188   Data          16  pow.o(.constdata)
    dp_h                                     0x00007198   Data          16  pow.o(.constdata)
    dp_l                                     0x000071a8   Data          16  pow.o(.constdata)
    L                                        0x000071b8   Data          48  pow.o(.constdata)
    P                                        0x000071e8   Data          40  pow.o(.constdata)
    .constdata                               0x00007210   Section        8  qnan.o(.constdata)
    .data                                    0x20000000   Section       24  motor.o(.data)
    .data                                    0x20000018   Section        1  hardware_i2c.o(.data)
    .data                                    0x2000001c   Section       12  hardware_uart.o(.data)
    .data                                    0x20000028   Section        8  timer_drv.o(.data)
    .data                                    0x20000030   Section       10  ano_of.o(.data)
    _data_cnt                                0x20000030   Data           1  ano_of.o(.data)
    of_check_f                               0x20000031   Data           2  ano_of.o(.data)
    of_check_cnt                             0x20000034   Data           4  ano_of.o(.data)
    _data_len                                0x20000038   Data           1  ano_of.o(.data)
    state                                    0x20000039   Data           1  ano_of.o(.data)
    .data                                    0x2000003a   Section        6  battery.o(.data)
    .data                                    0x20000040   Section       13  led.o(.data)
    cnt                                      0x20000048   Data           4  led.o(.data)
    tmp                                      0x2000004c   Data           1  led.o(.data)
    .data                                    0x20000050   Section        8  mpu6050.o(.data)
    cnt                                      0x20000054   Data           4  mpu6050.o(.data)
    .data                                    0x20000058   Section       44  imu.o(.data)
    NumQ                                     0x2000005c   Data          16  imu.o(.data)
    vecxZ                                    0x2000006c   Data           4  imu.o(.data)
    vecyZ                                    0x20000070   Data           4  imu.o(.data)
    veczZ                                    0x20000074   Data           4  imu.o(.data)
    wz_acc_tmp                               0x20000078   Data           8  imu.o(.data)
    KpDef                                    0x20000080   Data           4  imu.o(.data)
    .data                                    0x20000084   Section        6  remote.o(.data)
    status                                   0x20000088   Data           1  remote.o(.data)
    cnt                                      0x20000089   Data           1  remote.o(.data)
    .data                                    0x2000008c   Section       18  control.o(.data)
    status                                   0x2000009c   Data           1  control.o(.data)
    status                                   0x2000009d   Data           1  control.o(.data)
    .data                                    0x200000a0   Section       53  height_control.o(.data)
    exp_vel_d                                0x200000a0   Data           4  height_control.o(.data)
    exp_acc                                  0x200000a4   Data           4  height_control.o(.data)
    fb_acc                                   0x200000a8   Data           4  height_control.o(.data)
    exp_vel                                  0x200000ac   Data           4  height_control.o(.data)
    fb_vel                                   0x200000b0   Data           4  height_control.o(.data)
    exp_hei                                  0x200000b4   Data           4  height_control.o(.data)
    fb_hei                                   0x200000b8   Data           4  height_control.o(.data)
    hei_err                                  0x200000bc   Data           4  height_control.o(.data)
    vel_err                                  0x200000c0   Data           4  height_control.o(.data)
    acc_err                                  0x200000c4   Data           4  height_control.o(.data)
    acc_err_i                                0x200000c8   Data           4  height_control.o(.data)
    acc_out                                  0x200000cc   Data           4  height_control.o(.data)
    wz_out                                   0x200000d0   Data           4  height_control.o(.data)
    .data                                    0x200000d8   Section       24  kernel.o(.data)
    Cnt                                      0x200000ec   Data           4  kernel.o(.data)
    .data                                    0x200000f0   Section       76  speed_estimator.o(.data)
    height_init_f                            0x20000128   Data           1  speed_estimator.o(.data)
    height_old                               0x2000012c   Data           8  speed_estimator.o(.data)
    Alt_Old                                  0x20000136   Data           2  speed_estimator.o(.data)
    time                                     0x20000138   Data           4  speed_estimator.o(.data)
    .data                                    0x2000013c   Section       72  pos_ctrl.o(.data)
    .data                                    0x20000184   Section       18  program_ctrl.o(.data)
    one_key_takeoff_f                        0x20000185   Data           1  program_ctrl.o(.data)
    cmd_take_off_f                           0x2000018a   Data           1  program_ctrl.o(.data)
    ref_height                               0x2000018c   Data           4  program_ctrl.o(.data)
    exp_time_ms                              0x20000190   Data           2  program_ctrl.o(.data)
    runtime_ms                               0x20000192   Data           2  program_ctrl.o(.data)
    time_compensate_ms                       0x20000194   Data           2  program_ctrl.o(.data)
    .data                                    0x20000198   Section       35  followline_eg2.o(.data)
    Cnt                                      0x200001a4   Data           4  followline_eg2.o(.data)
    OldPos                                   0x200001a8   Data           8  followline_eg2.o(.data)
    cnt                                      0x200001b0   Data           4  followline_eg2.o(.data)
    Enter                                    0x200001b4   Data           1  followline_eg2.o(.data)
    CountDown                                0x200001b6   Data           2  followline_eg2.o(.data)
    input                                    0x200001b8   Data           1  followline_eg2.o(.data)
    input2                                   0x200001b9   Data           1  followline_eg2.o(.data)
    CloseGate                                0x200001ba   Data           1  followline_eg2.o(.data)
    .data                                    0x200001bc   Section       24  gcs.o(.data)
    yaobai                                   0x200001cc   Data           1  gcs.o(.data)
    Cnt                                      0x200001d0   Data           4  gcs.o(.data)
    .data                                    0x200001d4   Section       32  ano_dt.o(.data)
    DT_data_cnt                              0x200001d6   Data           1  ano_dt.o(.data)
    ano_dt_data_ok                           0x200001d7   Data           1  ano_dt.o(.data)
    cnt                                      0x200001da   Data           2  ano_dt.o(.data)
    senser_cnt                               0x200001dc   Data           2  ano_dt.o(.data)
    senser2_cnt                              0x200001de   Data           2  ano_dt.o(.data)
    user_cnt                                 0x200001e0   Data           2  ano_dt.o(.data)
    status_cnt                               0x200001e2   Data           2  ano_dt.o(.data)
    rcdata_cnt                               0x200001e4   Data           2  ano_dt.o(.data)
    motopwm_cnt                              0x200001e6   Data           2  ano_dt.o(.data)
    power_cnt                                0x200001e8   Data           2  ano_dt.o(.data)
    speed_cnt                                0x200001ea   Data           2  ano_dt.o(.data)
    location_cnt                             0x200001ec   Data           2  ano_dt.o(.data)
    _data_len                                0x200001ee   Data           1  ano_dt.o(.data)
    state                                    0x200001ef   Data           1  ano_dt.o(.data)
    cnt                                      0x200001f0   Data           4  ano_dt.o(.data)
    .data                                    0x200001f4   Section        4  system_msp432p401r.o(.data)
    .data                                    0x200001f8   Section        4  errno.o(.data)
    _errno                                   0x200001f8   Data           4  errno.o(.data)
    .bss                                     0x200001fc   Section     1840  hardware_uart.o(.bss)
    .bss                                     0x2000092c   Section      122  ano_of.o(.bss)
    _datatemp                                0x20000974   Data          50  ano_of.o(.bss)
    .bss                                     0x200009a8   Section       88  mpu6050.o(.bss)
    mpu_filter                               0x200009d0   Data          48  mpu6050.o(.bss)
    .bss                                     0x20000a00   Section      164  spl06.o(.bss)
    .bss                                     0x20000aa4   Section       12  imu.o(.bss)
    .bss                                     0x20000ab0   Section     1020  pid.o(.bss)
    .bss                                     0x20000eac   Section      112  remote.o(.bss)
    .bss                                     0x20000f1c   Section       12  control.o(.bss)
    .bss                                     0x20000f28   Section       36  height_control.o(.bss)
    exp_vel_transition                       0x20000f3c   Data          16  height_control.o(.bss)
    .bss                                     0x20000f4c   Section       12  speed_estimator.o(.bss)
    .bss                                     0x20000f58   Section      124  program_ctrl.o(.bss)
    .bss                                     0x20000fd4   Section       56  followline_eg2.o(.bss)
    .bss                                     0x2000100c   Section       44  gcs.o(.bss)
    .bss                                     0x20001038   Section      726  ano_dt.o(.bss)
    DT_RxBuffer                              0x2000120e   Data         256  ano_dt.o(.bss)
    STACK                                    0x20001310   Section     1792  startup_msp432p401r_uvision.o(STACK)

    Global Symbols

    Symbol Name                              Value     Ov Type        Size  Object(Section)

    BuildAttributes$$THM_ISAv4$E$P$D$K$B$S$7EM$VFPi3$EXTD16$VFPS$VFMA$PE$A:L22UL41UL21$X:L11$S22US41US21$IEEE1$IW$USESV6$~STKCKD$USESV7$~SHL$OTIME$ROPI$IEEEX$EBA8$MICROLIB$REQ8$PRES8$EABIv2 0x00000000   Number         0  anon$$obj.o ABSOLUTE
    __ARM_use_no_argv                        0x00000000   Number         0  main.o ABSOLUTE
    __Vectors                                0x00000000   Data           4  startup_msp432p401r_uvision.o(RESET)
    __cpp_initialize__aeabi_                  - Undefined Weak Reference
    __cxa_finalize                            - Undefined Weak Reference
    _clock_init                               - Undefined Weak Reference
    _microlib_exit                            - Undefined Weak Reference
    __Vectors_End                            0x00000144   Data           0  startup_msp432p401r_uvision.o(RESET)
    __Vectors_Size                           0x00000144   Number         0  startup_msp432p401r_uvision.o ABSOLUTE
    __main                                   0x00000145   Thumb Code     0  entry.o(.ARM.Collect$$$$00000000)
    _main_stk                                0x00000145   Thumb Code     0  entry2.o(.ARM.Collect$$$$00000001)
    _main_scatterload                        0x00000149   Thumb Code     0  entry5.o(.ARM.Collect$$$$00000004)
    __main_after_scatterload                 0x0000014d   Thumb Code     0  entry5.o(.ARM.Collect$$$$00000004)
    _main_clock                              0x0000014d   Thumb Code     0  entry7b.o(.ARM.Collect$$$$00000008)
    _main_cpp_init                           0x0000014d   Thumb Code     0  entry8b.o(.ARM.Collect$$$$0000000A)
    _main_init                               0x0000014d   Thumb Code     0  entry9a.o(.ARM.Collect$$$$0000000B)
    __rt_final_cpp                           0x00000155   Thumb Code     0  entry10a.o(.ARM.Collect$$$$0000000D)
    __rt_final_exit                          0x00000155   Thumb Code     0  entry11a.o(.ARM.Collect$$$$0000000F)
    Reset_Handler                            0x00000159   Thumb Code     8  startup_msp432p401r_uvision.o(.text)
    NMI_Handler                              0x00000161   Thumb Code     2  startup_msp432p401r_uvision.o(.text)
    MemManage_Handler                        0x00000165   Thumb Code     2  startup_msp432p401r_uvision.o(.text)
    BusFault_Handler                         0x00000167   Thumb Code     2  startup_msp432p401r_uvision.o(.text)
    UsageFault_Handler                       0x00000169   Thumb Code     2  startup_msp432p401r_uvision.o(.text)
    DebugMon_Handler                         0x0000016d   Thumb Code     2  startup_msp432p401r_uvision.o(.text)
    ADC14_IRQHandler                         0x00000173   Thumb Code     0  startup_msp432p401r_uvision.o(.text)
    AES256_IRQHandler                        0x00000173   Thumb Code     0  startup_msp432p401r_uvision.o(.text)
    COMP_E0_IRQHandler                       0x00000173   Thumb Code     0  startup_msp432p401r_uvision.o(.text)
    COMP_E1_IRQHandler                       0x00000173   Thumb Code     0  startup_msp432p401r_uvision.o(.text)
    CS_IRQHandler                            0x00000173   Thumb Code     0  startup_msp432p401r_uvision.o(.text)
    DMA_ERR_IRQHandler                       0x00000173   Thumb Code     0  startup_msp432p401r_uvision.o(.text)
    DMA_INT0_IRQHandler                      0x00000173   Thumb Code     0  startup_msp432p401r_uvision.o(.text)
    DMA_INT1_IRQHandler                      0x00000173   Thumb Code     0  startup_msp432p401r_uvision.o(.text)
    DMA_INT2_IRQHandler                      0x00000173   Thumb Code     0  startup_msp432p401r_uvision.o(.text)
    DMA_INT3_IRQHandler                      0x00000173   Thumb Code     0  startup_msp432p401r_uvision.o(.text)
    EUSCIB1_IRQHandler                       0x00000173   Thumb Code     0  startup_msp432p401r_uvision.o(.text)
    EUSCIB2_IRQHandler                       0x00000173   Thumb Code     0  startup_msp432p401r_uvision.o(.text)
    EUSCIB3_IRQHandler                       0x00000173   Thumb Code     0  startup_msp432p401r_uvision.o(.text)
    FLCTL_IRQHandler                         0x00000173   Thumb Code     0  startup_msp432p401r_uvision.o(.text)
    FPU_IRQHandler                           0x00000173   Thumb Code     0  startup_msp432p401r_uvision.o(.text)
    PCM_IRQHandler                           0x00000173   Thumb Code     0  startup_msp432p401r_uvision.o(.text)
    PORT1_IRQHandler                         0x00000173   Thumb Code     0  startup_msp432p401r_uvision.o(.text)
    PORT2_IRQHandler                         0x00000173   Thumb Code     0  startup_msp432p401r_uvision.o(.text)
    PORT3_IRQHandler                         0x00000173   Thumb Code     0  startup_msp432p401r_uvision.o(.text)
    PORT4_IRQHandler                         0x00000173   Thumb Code     0  startup_msp432p401r_uvision.o(.text)
    PORT5_IRQHandler                         0x00000173   Thumb Code     0  startup_msp432p401r_uvision.o(.text)
    PORT6_IRQHandler                         0x00000173   Thumb Code     0  startup_msp432p401r_uvision.o(.text)
    PSS_IRQHandler                           0x00000173   Thumb Code     0  startup_msp432p401r_uvision.o(.text)
    RTC_C_IRQHandler                         0x00000173   Thumb Code     0  startup_msp432p401r_uvision.o(.text)
    T32_INT1_IRQHandler                      0x00000173   Thumb Code     0  startup_msp432p401r_uvision.o(.text)
    T32_INT2_IRQHandler                      0x00000173   Thumb Code     0  startup_msp432p401r_uvision.o(.text)
    T32_INTC_IRQHandler                      0x00000173   Thumb Code     0  startup_msp432p401r_uvision.o(.text)
    TA0_0_IRQHandler                         0x00000173   Thumb Code     0  startup_msp432p401r_uvision.o(.text)
    TA0_N_IRQHandler                         0x00000173   Thumb Code     0  startup_msp432p401r_uvision.o(.text)
    TA1_0_IRQHandler                         0x00000173   Thumb Code     0  startup_msp432p401r_uvision.o(.text)
    TA1_N_IRQHandler                         0x00000173   Thumb Code     0  startup_msp432p401r_uvision.o(.text)
    TA2_0_IRQHandler                         0x00000173   Thumb Code     0  startup_msp432p401r_uvision.o(.text)
    TA2_N_IRQHandler                         0x00000173   Thumb Code     0  startup_msp432p401r_uvision.o(.text)
    TA3_0_IRQHandler                         0x00000173   Thumb Code     0  startup_msp432p401r_uvision.o(.text)
    TA3_N_IRQHandler                         0x00000173   Thumb Code     0  startup_msp432p401r_uvision.o(.text)
    WDT_A_IRQHandler                         0x00000173   Thumb Code     0  startup_msp432p401r_uvision.o(.text)
    __aeabi_llsl                             0x0000017d   Thumb Code    30  llshl.o(.text)
    _ll_shift_l                              0x0000017d   Thumb Code     0  llshl.o(.text)
    __aeabi_lasr                             0x0000019b   Thumb Code    36  llsshr.o(.text)
    _ll_sshift_r                             0x0000019b   Thumb Code     0  llsshr.o(.text)
    __aeabi_memcpy                           0x000001bf   Thumb Code    36  memcpya.o(.text)
    __aeabi_memcpy4                          0x000001bf   Thumb Code     0  memcpya.o(.text)
    __aeabi_memcpy8                          0x000001bf   Thumb Code     0  memcpya.o(.text)
    __aeabi_memset                           0x000001e3   Thumb Code    14  memseta.o(.text)
    __aeabi_memset4                          0x000001e3   Thumb Code     0  memseta.o(.text)
    __aeabi_memset8                          0x000001e3   Thumb Code     0  memseta.o(.text)
    __aeabi_memclr                           0x000001f1   Thumb Code     4  memseta.o(.text)
    __aeabi_memclr4                          0x000001f1   Thumb Code     0  memseta.o(.text)
    __aeabi_memclr8                          0x000001f1   Thumb Code     0  memseta.o(.text)
    _memset$wrapper                          0x000001f5   Thumb Code    18  memseta.o(.text)
    __aeabi_dadd                             0x00000207   Thumb Code   322  dadd.o(.text)
    __aeabi_dsub                             0x00000349   Thumb Code     6  dadd.o(.text)
    __aeabi_drsub                            0x0000034f   Thumb Code     6  dadd.o(.text)
    __aeabi_dmul                             0x00000355   Thumb Code   228  dmul.o(.text)
    __aeabi_ddiv                             0x00000439   Thumb Code   222  ddiv.o(.text)
    __aeabi_i2d                              0x00000517   Thumb Code    34  dflti.o(.text)
    __aeabi_ui2d                             0x00000539   Thumb Code    26  dfltui.o(.text)
    __aeabi_d2uiz                            0x00000553   Thumb Code    50  dfixui.o(.text)
    __aeabi_f2d                              0x00000585   Thumb Code    38  f2d.o(.text)
    __aeabi_cdrcmple                         0x000005ad   Thumb Code    48  cdrcmple.o(.text)
    __aeabi_d2f                              0x000005dd   Thumb Code    56  d2f.o(.text)
    __aeabi_llsr                             0x00000615   Thumb Code    32  llushr.o(.text)
    _ll_ushift_r                             0x00000615   Thumb Code     0  llushr.o(.text)
    __I$use$fp                               0x00000635   Thumb Code     0  iusefp.o(.text)
    _float_round                             0x00000635   Thumb Code    18  fepilogue.o(.text)
    _float_epilogue                          0x00000647   Thumb Code    92  fepilogue.o(.text)
    _double_round                            0x000006a3   Thumb Code    30  depilogue.o(.text)
    _double_epilogue                         0x000006c1   Thumb Code   156  depilogue.o(.text)
    __ARM_scalbn                             0x0000075d   Thumb Code    46  dscalb.o(.text)
    scalbn                                   0x0000075d   Thumb Code     0  dscalb.o(.text)
    _dsqrt                                   0x0000078b   Thumb Code   162  dsqrt.o(.text)
    __scatterload                            0x0000082d   Thumb Code    28  init.o(.text)
    __scatterload_rt2                        0x0000082d   Thumb Code     0  init.o(.text)
    __decompress                             0x00000851   Thumb Code     0  __dczerorl.o(.text)
    __decompress0                            0x00000851   Thumb Code    58  __dczerorl.o(.text)
    ALT_Ctrl                                 0x0000088d   Thumb Code  1202  height_control.o(i.ALT_Ctrl)
    ANO_DT_Data_Receive_Anl                  0x00000d49   Thumb Code   234  ano_dt.o(i.ANO_DT_Data_Receive_Anl)
    ANO_DT_Data_Receive_Anl_Task             0x00000e3d   Thumb Code    30  ano_dt.o(i.ANO_DT_Data_Receive_Anl_Task)
    ANO_DT_Data_Receive_Prepare              0x00000e69   Thumb Code   216  ano_dt.o(i.ANO_DT_Data_Receive_Prepare)
    ANO_DT_GetParame                         0x00000f55   Thumb Code    28  ano_dt.o(i.ANO_DT_GetParame)
    ANO_DT_ParListToParUsed                  0x00000f79   Thumb Code   482  ano_dt.o(i.ANO_DT_ParListToParUsed)
    ANO_DT_SendCmd                           0x00001169   Thumb Code   240  ano_dt.o(i.ANO_DT_SendCmd)
    ANO_DT_Send_Data                         0x0000125d   Thumb Code    18  ano_dt.o(i.ANO_DT_Send_Data)
    ATT_Update                               0x00001275   Thumb Code  1158  imu.o(i.ATT_Update)
    ActionHoldPoint                          0x00001715   Thumb Code    48  followline_eg2.o(i.ActionHoldPoint)
    AnalyRC                                  0x00001751   Thumb Code   808  remote.o(i.AnalyRC)
    AnoOF_DataAnl                            0x00001b21   Thumb Code   206  ano_of.o(i.AnoOF_DataAnl)
    AnoOF_GetOneByte                         0x00001bf9   Thumb Code   238  ano_of.o(i.AnoOF_GetOneByte)
    AnoOF_State_Task                         0x00001d1d   Thumb Code    10  ano_of.o(i.AnoOF_State_Task)
    ClacCascadePID                           0x00001d27   Thumb Code    38  pid.o(i.ClacCascadePID)
    Delay_ms                                 0x00001d4d   Thumb Code    26  timer_drv.o(i.Delay_ms)
    Delay_us                                 0x00001d67   Thumb Code    24  timer_drv.o(i.Delay_us)
    EUSCIA0_IRQHandler                       0x00001d81   Thumb Code   164  hardware_uart.o(i.EUSCIA0_IRQHandler)
    EUSCIA1_IRQHandler                       0x00001e31   Thumb Code   176  hardware_uart.o(i.EUSCIA1_IRQHandler)
    EUSCIA2_IRQHandler                       0x00001eed   Thumb Code   148  hardware_uart.o(i.EUSCIA2_IRQHandler)
    EUSCIA3_IRQHandler                       0x00001f8d   Thumb Code   182  hardware_uart.o(i.EUSCIA3_IRQHandler)
    EUSCIB0_IRQHandler                       0x00002051   Thumb Code     2  msp432_interrupt.o(i.EUSCIB0_IRQHandler)
    FlightPidControl                         0x00002069   Thumb Code   494  control.o(i.FlightPidControl)
    FlyCtrlReset                             0x0000228d   Thumb Code    98  program_ctrl.o(i.FlyCtrlReset)
    Follow_Init                              0x000022fd   Thumb Code   272  followline_eg2.o(i.Follow_Init)
    GetAngle                                 0x00002445   Thumb Code   208  imu.o(i.GetAngle)
    GetMPU6050Data                           0x00002529   Thumb Code   222  mpu6050.o(i.GetMPU6050Data)
    GetMPU6050Offset                         0x00002619   Thumb Code   486  mpu6050.o(i.GetMPU6050Offset)
    GetSysTime_us                            0x0000280d   Thumb Code    60  timer_drv.o(i.GetSysTime_us)
    Hadrware_Init                            0x00002851   Thumb Code    66  init.o(i.Hadrware_Init)
    HardFault_Handler                        0x000028a5   Thumb Code     2  msp432_interrupt.o(i.HardFault_Handler)
    Hardware_LED_Green_OFF                   0x000028a9   Thumb Code    14  hardware.o(i.Hardware_LED_Green_OFF)
    Hardware_LED_Green_ON                    0x000028bd   Thumb Code    14  hardware.o(i.Hardware_LED_Green_ON)
    Hardware_LED_Green_TOGGLE                0x000028d1   Thumb Code     2  hardware.o(i.Hardware_LED_Green_TOGGLE)
    Hardware_LED_Red_OFF                     0x000028d5   Thumb Code    14  hardware.o(i.Hardware_LED_Red_OFF)
    Hardware_LED_Red_ON                      0x000028e9   Thumb Code    14  hardware.o(i.Hardware_LED_Red_ON)
    Hardware_LED_Red_TOGGLE                  0x000028fd   Thumb Code     2  hardware.o(i.Hardware_LED_Red_TOGGLE)
    I2C_Init                                 0x00002901   Thumb Code    14  hardware_i2c.o(i.I2C_Init)
    I2C_Read_Byte                            0x00002915   Thumb Code    64  hardware_i2c.o(i.I2C_Read_Byte)
    I2C_Read_Bytes                           0x00002955   Thumb Code    98  hardware_i2c.o(i.I2C_Read_Bytes)
    I2C_Write_Byte                           0x000029b7   Thumb Code    48  hardware_i2c.o(i.I2C_Write_Byte)
    IIC_RecvACK                              0x000029e9   Thumb Code    98  hardware_i2c.o(i.IIC_RecvACK)
    IIC_RecvByte                             0x00002a55   Thumb Code    94  hardware_i2c.o(i.IIC_RecvByte)
    IIC_SendACK                              0x00002ab9   Thumb Code   134  hardware_i2c.o(i.IIC_SendACK)
    IIC_SendByte                             0x00002b45   Thumb Code   136  hardware_i2c.o(i.IIC_SendByte)
    IIC_Start                                0x00002bd1   Thumb Code    88  hardware_i2c.o(i.IIC_Start)
    IIC_Stop                                 0x00002c2d   Thumb Code    82  hardware_i2c.o(i.IIC_Stop)
    IMU_Reset                                0x00002c85   Thumb Code    36  imu.o(i.IMU_Reset)
    KernelPolling                            0x00002cb1   Thumb Code   264  kernel.o(i.KernelPolling)
    LEDEventHandle                           0x00002dd9   Thumb Code   124  led.o(i.LEDEventHandle)
    LEDInit                                  0x00002e6d   Thumb Code   100  led.o(i.LEDInit)
    MCU_Init                                 0x00002ed9   Thumb Code    48  hardware.o(i.MCU_Init)
    MPU6050Init                              0x00002f0d   Thumb Code   142  mpu6050.o(i.MPU6050Init)
    MotorControl                             0x00002fa1   Thumb Code   826  control.o(i.MotorControl)
    Motor_Init                               0x00003309   Thumb Code   120  motor.o(i.Motor_Init)
    One_Key_Land                             0x0000338d   Thumb Code    16  program_ctrl.o(i.One_Key_Land)
    One_Key_Take_off_Land_Ctrl_Task          0x000033a1   Thumb Code   276  program_ctrl.o(i.One_Key_Take_off_Land_Ctrl_Task)
    One_Key_Takeoff                          0x000034dd   Thumb Code    20  program_ctrl.o(i.One_Key_Takeoff)
    PID_Init                                 0x000034f5   Thumb Code   156  init.o(i.PID_Init)
    POS_Ctrl                                 0x000035b5   Thumb Code   838  pos_ctrl.o(i.POS_Ctrl)
    PendSV_Handler                           0x00003949   Thumb Code     2  msp432_interrupt.o(i.PendSV_Handler)
    PollingLED                               0x0000394d   Thumb Code   148  led.o(i.PollingLED)
    PollingUSART                             0x000039e5   Thumb Code   346  hardware_uart.o(i.PollingUSART)
    Program_Ctrl_Task                        0x00003b45   Thumb Code  1200  program_ctrl.o(i.Program_Ctrl_Task)
    Q_rsqrt                                  0x00004001   Thumb Code    64  mymath.o(i.Q_rsqrt)
    RCReceiveHandle                          0x00004045   Thumb Code   326  remote.o(i.RCReceiveHandle)
    RemoteUnlock                             0x000041bd   Thumb Code   238  remote.o(i.RemoteUnlock)
    Remote_init                              0x000042bd   Thumb Code    36  remote.o(i.Remote_init)
    ResetAlt                                 0x000042e9   Thumb Code    12  spl06.o(i.ResetAlt)
    ResetPID                                 0x000042f9   Thumb Code    88  pid.o(i.ResetPID)
    SPL06Check                               0x0000435d   Thumb Code    34  spl06.o(i.SPL06Check)
    SPL06Init                                0x00004381   Thumb Code   110  spl06.o(i.SPL06Init)
    SPL06Update                              0x00004405   Thumb Code     2  spl06.o(i.SPL06Update)
    SVC_Handler                              0x00004407   Thumb Code     2  msp432_interrupt.o(i.SVC_Handler)
    SysTick_Configuration                    0x00004409   Thumb Code    96  timer_drv.o(i.SysTick_Configuration)
    SysTick_Handler                          0x0000447d   Thumb Code    66  timer_drv.o(i.SysTick_Handler)
    SystemCoreClockUpdate                    0x000044d9   Thumb Code   522  system_msp432p401r.o(i.SystemCoreClockUpdate)
    SystemInit                               0x00004715   Thumb Code   186  system_msp432p401r.o(i.SystemInit)
    Timer_A_setCompareValue                  0x000047ed   Thumb Code    20  timer_a.o(i.Timer_A_setCompareValue)
    UART_A0_ReceiveHandle                    0x00004801   Thumb Code    16  hardware_uart.o(i.UART_A0_ReceiveHandle)
    UART_A1_ReceiveHandle                    0x00004811   Thumb Code    16  hardware_uart.o(i.UART_A1_ReceiveHandle)
    UART_A2_ReceiveHandle                    0x00004821   Thumb Code    22  hardware_uart.o(i.UART_A2_ReceiveHandle)
    UART_A3_ReceiveHandle                    0x0000483d   Thumb Code     2  hardware_uart.o(i.UART_A3_ReceiveHandle)
    UART_clearInterruptFlag                  0x0000483f   Thumb Code     8  uart.o(i.UART_clearInterruptFlag)
    UART_transmitData                        0x00004847   Thumb Code    40  uart.o(i.UART_transmitData)
    USART_Init                               0x00004871   Thumb Code   454  hardware_uart.o(i.USART_Init)
    USART_TX                                 0x00004a69   Thumb Code    72  hardware_uart.o(i.USART_TX)
    UpdateAction                             0x00004ab5   Thumb Code   208  followline_eg2.o(i.UpdateAction)
    UpdateButton                             0x00004b95   Thumb Code    84  followline_eg2.o(i.UpdateButton)
    UpdateCMD                                0x00004c05   Thumb Code    14  program_ctrl.o(i.UpdateCMD)
    UpdateCentControl                        0x00004c21   Thumb Code    32  followline_eg2.o(i.UpdateCentControl)
    UpdateMotor                              0x00004c41   Thumb Code   176  motor.o(i.UpdateMotor)
    UpdatePID                                0x00004cf5   Thumb Code   406  pid.o(i.UpdatePID)
    UpdateSPL06Info                          0x00004e91   Thumb Code   210  spl06.o(i.UpdateSPL06Info)
    UpdateStatus                             0x00004fa1   Thumb Code   198  followline_eg2.o(i.UpdateStatus)
    WZ_Est_Calcu                             0x00005071   Thumb Code    44  speed_estimator.o(i.WZ_Est_Calcu)
    WZ_Fix_Calcu                             0x000050a9   Thumb Code   350  speed_estimator.o(i.WZ_Fix_Calcu)
    WZ_Fus_Reset                             0x00005245   Thumb Code    42  speed_estimator.o(i.WZ_Fus_Reset)
    WZ_Obs_Calcu                             0x00005285   Thumb Code   328  speed_estimator.o(i.WZ_Obs_Calcu)
    __0sprintf$bare                          0x00005415   Thumb Code    32  printfb.o(i.__0sprintf$bare)
    __1sprintf$bare                          0x00005415   Thumb Code     0  printfb.o(i.__0sprintf$bare)
    __2sprintf                               0x00005415   Thumb Code     0  printfb.o(i.__0sprintf$bare)
    __ARM_fpclassify                         0x00005439   Thumb Code    48  fpclassify.o(i.__ARM_fpclassify)
    __ARM_fpclassifyf                        0x00005469   Thumb Code    38  fpclassifyf.o(i.__ARM_fpclassifyf)
    __hardfp_asin                            0x00005491   Thumb Code   770  asin.o(i.__hardfp_asin)
    __hardfp_atan2f                          0x000057f1   Thumb Code   502  atan2f.o(i.__hardfp_atan2f)
    __hardfp_pow                             0x00005a41   Thumb Code  3072  pow.o(i.__hardfp_pow)
    __kernel_poly                            0x00006691   Thumb Code   248  poly.o(i.__kernel_poly)
    __mathlib_dbl_divzero                    0x00006789   Thumb Code    28  dunder.o(i.__mathlib_dbl_divzero)
    __mathlib_dbl_infnan                     0x000067b9   Thumb Code    20  dunder.o(i.__mathlib_dbl_infnan)
    __mathlib_dbl_infnan2                    0x000067cd   Thumb Code    20  dunder.o(i.__mathlib_dbl_infnan2)
    __mathlib_dbl_invalid                    0x000067e1   Thumb Code    24  dunder.o(i.__mathlib_dbl_invalid)
    __mathlib_dbl_overflow                   0x00006801   Thumb Code    24  dunder.o(i.__mathlib_dbl_overflow)
    __mathlib_dbl_underflow                  0x00006821   Thumb Code    24  dunder.o(i.__mathlib_dbl_underflow)
    __mathlib_flt_infnan2                    0x00006841   Thumb Code     6  funder.o(i.__mathlib_flt_infnan2)
    __mathlib_flt_underflow                  0x00006849   Thumb Code    10  funder.o(i.__mathlib_flt_underflow)
    __scatterload_copy                       0x00006859   Thumb Code    14  handlers.o(i.__scatterload_copy)
    __scatterload_null                       0x00006867   Thumb Code     2  handlers.o(i.__scatterload_null)
    __scatterload_zeroinit                   0x00006869   Thumb Code    14  handlers.o(i.__scatterload_zeroinit)
    __set_errno                              0x00006879   Thumb Code     6  errno.o(i.__set_errno)
    bsp_SPL06_Get_Calib_Coef                 0x000068b1   Thumb Code   482  spl06.o(i.bsp_SPL06_Get_Calib_Coef)
    bsp_SPL06_Get_Pressure                   0x00006a99   Thumb Code   196  spl06.o(i.bsp_SPL06_Get_Pressure)
    bsp_SPL06_Get_Pressure_Adc               0x00006b5d   Thumb Code    64  spl06.o(i.bsp_SPL06_Get_Pressure_Adc)
    bsp_SPL06_Pressure_Rate_Set              0x00006b9d   Thumb Code   362  spl06.o(i.bsp_SPL06_Pressure_Rate_Set)
    bsp_SPL06_Set_And_Start_Measure          0x00006d07   Thumb Code    20  spl06.o(i.bsp_SPL06_Set_And_Start_Measure)
    bsp_SPL06_Temperature_Rate_Set           0x00006d1b   Thumb Code   378  spl06.o(i.bsp_SPL06_Temperature_Rate_Set)
    deQueue                                  0x00006e95   Thumb Code    84  queue.o(i.deQueue)
    delay                                    0x00006ee9   Thumb Code    14  hardware_i2c.o(i.delay)
    enQueue                                  0x00006ef7   Thumb Code    84  queue.o(i.enQueue)
    fabs                                     0x00006f4b   Thumb Code    24  fabs.o(i.fabs)
    gcs_init                                 0x00006f65   Thumb Code    36  gcs.o(i.gcs_init)
    main                                     0x00006fa9   Thumb Code    16  main.o(i.main)
    server_init                              0x00006fb9   Thumb Code    64  server.o(i.server_init)
    sqrt                                     0x00007005   Thumb Code   110  sqrt.o(i.sqrt)
    M_PI                                     0x0000711c   Data           4  mymath.o(.constdata)
    RtA                                      0x00007120   Data           4  mymath.o(.constdata)
    AtR                                      0x00007124   Data           4  mymath.o(.constdata)
    Gyro_G                                   0x00007128   Data           4  mymath.o(.constdata)
    Gyro_Gr                                  0x0000712c   Data           4  mymath.o(.constdata)
    PI_2                                     0x00007130   Data           4  mymath.o(.constdata)
    __mathlib_zero                           0x00007210   Data           8  qnan.o(.constdata)
    Region$$Table$$Base                      0x00007218   Number         0  anon$$obj.o(Region$$Table)
    Region$$Table$$Limit                     0x00007238   Number         0  anon$$obj.o(Region$$Table)
    pwmConfig                                0x20000000   Data          24  motor.o(.data)
    Ack_Count                                0x20000018   Data           1  hardware_i2c.o(.data)
    lbUsartRx                                0x2000001c   Data           1  hardware_uart.o(.data)
    TimeoutUSART                             0x20000020   Data           4  hardware_uart.o(.data)
    A1ReceiveHandle                          0x20000024   Data           4  hardware_uart.o(.data)
    usTicks                                  0x20000028   Data           4  timer_drv.o(.data)
    msTicks                                  0x2000002c   Data           4  timer_drv.o(.data)
    g_BatteryInfo                            0x2000003a   Data           6  battery.o(.data)
    g_LedManager                             0x20000040   Data           6  led.o(.data)
    pMpu                                     0x20000050   Data           4  mpu6050.o(.data)
    NormAccz                                 0x20000058   Data           4  imu.o(.data)
    OnlineCnt                                0x20000084   Data           4  remote.o(.data)
    motor                                    0x2000008c   Data           8  control.o(.data)
    g_FMUflg                                 0x20000094   Data           1  control.o(.data)
    PIDGroup_desired_yaw_pos_tmp             0x20000098   Data           4  control.o(.data)
    fc_state_take_off                        0x200000d4   Data           1  height_control.o(.data)
    KernelRunning                            0x200000d8   Data           1  kernel.o(.data)
    InitComplete                             0x200000d9   Data           1  kernel.o(.data)
    Angle_Int16                              0x200000da   Data           6  kernel.o(.data)
    sum                                      0x200000e0   Data           4  kernel.o(.data)
    data                                     0x200000e4   Data           5  kernel.o(.data)
    wz_fus_sta                               0x200000f0   Data           1  speed_estimator.o(.data)
    obs_wz_velocity                          0x200000f4   Data           8  speed_estimator.o(.data)
    obs_wz_height                            0x200000fc   Data           8  speed_estimator.o(.data)
    obs_wz_hasl                              0x20000104   Data           4  speed_estimator.o(.data)
    obs_wz_hasl_gnd                          0x20000108   Data           4  speed_estimator.o(.data)
    obs_wz_velocity_ref                      0x2000010c   Data           4  speed_estimator.o(.data)
    obs_wz_height_ref                        0x20000110   Data           4  speed_estimator.o(.data)
    est_wz_velocity                          0x20000114   Data           4  speed_estimator.o(.data)
    est_wz_height                            0x20000118   Data           4  speed_estimator.o(.data)
    fix_wz_velocity                          0x2000011c   Data           4  speed_estimator.o(.data)
    fix_wz_height                            0x20000120   Data           4  speed_estimator.o(.data)
    fix_wz_acceleration                      0x20000124   Data           4  speed_estimator.o(.data)
    Select_Baro                              0x20000134   Data           1  speed_estimator.o(.data)
    exp_velocity                             0x2000013c   Data           8  pos_ctrl.o(.data)
    fb_velocity                              0x20000144   Data           8  pos_ctrl.o(.data)
    fb_velocity_old                          0x2000014c   Data           8  pos_ctrl.o(.data)
    fb_velocity_d                            0x20000154   Data           8  pos_ctrl.o(.data)
    fb_velocity_fixed                        0x2000015c   Data           8  pos_ctrl.o(.data)
    pos_velocity_err                         0x20000164   Data           8  pos_ctrl.o(.data)
    pos_velocity_err_i                       0x2000016c   Data           8  pos_ctrl.o(.data)
    pos_out                                  0x20000174   Data           8  pos_ctrl.o(.data)
    pos_out_trans                            0x2000017c   Data           8  pos_ctrl.o(.data)
    auto_takeoff_land_state                  0x20000184   Data           1  program_ctrl.o(.data)
    val                                      0x20000186   Data           2  program_ctrl.o(.data)
    spd                                      0x20000188   Data           2  program_ctrl.o(.data)
    FollowLine                               0x20000198   Data           1  followline_eg2.o(.data)
    FollowApriTag                            0x20000199   Data           1  followline_eg2.o(.data)
    SonarManager                             0x2000019a   Data           8  followline_eg2.o(.data)
    PID_select                               0x200001bc   Data           1  gcs.o(.data)
    PID_Config_Info                          0x200001c0   Data           4  gcs.o(.data)
    base                                     0x200001c4   Data           4  gcs.o(.data)
    FbAlt                                    0x200001c8   Data           2  gcs.o(.data)
    ExpAlt                                   0x200001ca   Data           2  gcs.o(.data)
    checkdata_to_send                        0x200001d4   Data           1  ano_dt.o(.data)
    checksum_to_send                         0x200001d5   Data           1  ano_dt.o(.data)
    flash_save_en_cnt                        0x200001d8   Data           2  ano_dt.o(.data)
    SystemCoreClock                          0x200001f4   Data           4  system_msp432p401r.o(.data)
    SBusRxBuff                               0x200001fc   Data          30  hardware_uart.o(.bss)
    UsartGroup                               0x2000021c   Data        1808  hardware_uart.o(.bss)
    ANO_OF                                   0x2000092c   Data          72  ano_of.o(.bss)
    g_MPUManager                             0x200009a8   Data          26  mpu6050.o(.bss)
    test_6050time                            0x200009c4   Data          12  mpu6050.o(.bss)
    device_SPL06                             0x20000a00   Data          88  spl06.o(.bss)
    g_SPL06Manager                           0x20000a58   Data          76  spl06.o(.bss)
    g_Attitude                               0x20000aa4   Data          12  imu.o(.bss)
    PIDGroup                                 0x20000ab0   Data        1020  pid.o(.bss)
    SBusRemote                               0x20000eac   Data          32  remote.o(.bss)
    RC_rxData                                0x20000ecc   Data          32  remote.o(.bss)
    Remote                                   0x20000eec   Data          22  remote.o(.bss)
    PreRemote                                0x20000f02   Data          26  remote.o(.bss)
    fb_gyro_lpf                              0x20000f1c   Data          12  control.o(.bss)
    HeightInfo                               0x20000f28   Data          20  height_control.o(.bss)
    fix_rat                                  0x20000f4c   Data          12  speed_estimator.o(.bss)
    StandardControl                          0x20000f58   Data          36  program_ctrl.o(.bss)
    program_ctrl                             0x20000f7c   Data          88  program_ctrl.o(.bss)
    FollowManager                            0x20000fd4   Data          28  followline_eg2.o(.bss)
    FollowManager1                           0x20000ff0   Data          28  followline_eg2.o(.bss)
    g_UAVinfo                                0x2000100c   Data          44  gcs.o(.bss)
    ParValList                               0x20001038   Data         400  ano_dt.o(.bss)
    data_to_send                             0x200011c8   Data          50  ano_dt.o(.bss)
    f                                        0x200011fa   Data          20  ano_dt.o(.bss)
    __initial_sp                             0x20001a10   Data           0  startup_msp432p401r_uvision.o(STACK)



==============================================================================

Memory Map of the image

  Image Entry point : 0x00000145

  Load Region LR_IROM1 (Base: 0x00000000, Size: 0x00007434, Max: 0x00040000, ABSOLUTE, COMPRESSED[0x0000728c])

    Execution Region ER_IROM1 (Exec base: 0x00000000, Load base: 0x00000000, Size: 0x00007238, Max: 0x00040000, ABSOLUTE)

    Exec Addr    Load Addr    Size         Type   Attr      Idx    E Section Name        Object

    0x00000000   0x00000000   0x00000144   Data   RO        11671    RESET               startup_msp432p401r_uvision.o
    0x00000144   0x00000144   0x00000000   Code   RO        11864  * .ARM.Collect$$$$00000000  mc_w.l(entry.o)
    0x00000144   0x00000144   0x00000004   Code   RO        12204    .ARM.Collect$$$$00000001  mc_w.l(entry2.o)
    0x00000148   0x00000148   0x00000004   Code   RO        12207    .ARM.Collect$$$$00000004  mc_w.l(entry5.o)
    0x0000014c   0x0000014c   0x00000000   Code   RO        12209    .ARM.Collect$$$$00000008  mc_w.l(entry7b.o)
    0x0000014c   0x0000014c   0x00000000   Code   RO        12211    .ARM.Collect$$$$0000000A  mc_w.l(entry8b.o)
    0x0000014c   0x0000014c   0x00000008   Code   RO        12212    .ARM.Collect$$$$0000000B  mc_w.l(entry9a.o)
    0x00000154   0x00000154   0x00000000   Code   RO        12214    .ARM.Collect$$$$0000000D  mc_w.l(entry10a.o)
    0x00000154   0x00000154   0x00000000   Code   RO        12216    .ARM.Collect$$$$0000000F  mc_w.l(entry11a.o)
    0x00000154   0x00000154   0x00000004   Code   RO        12205    .ARM.Collect$$$$00002712  mc_w.l(entry2.o)
    0x00000158   0x00000158   0x00000024   Code   RO        11672    .text               startup_msp432p401r_uvision.o
    0x0000017c   0x0000017c   0x0000001e   Code   RO        11871    .text               mc_w.l(llshl.o)
    0x0000019a   0x0000019a   0x00000024   Code   RO        11873    .text               mc_w.l(llsshr.o)
    0x000001be   0x000001be   0x00000024   Code   RO        11875    .text               mc_w.l(memcpya.o)
    0x000001e2   0x000001e2   0x00000024   Code   RO        11877    .text               mc_w.l(memseta.o)
    0x00000206   0x00000206   0x0000014e   Code   RO        12141    .text               mf_w.l(dadd.o)
    0x00000354   0x00000354   0x000000e4   Code   RO        12143    .text               mf_w.l(dmul.o)
    0x00000438   0x00000438   0x000000de   Code   RO        12145    .text               mf_w.l(ddiv.o)
    0x00000516   0x00000516   0x00000022   Code   RO        12149    .text               mf_w.l(dflti.o)
    0x00000538   0x00000538   0x0000001a   Code   RO        12151    .text               mf_w.l(dfltui.o)
    0x00000552   0x00000552   0x00000032   Code   RO        12157    .text               mf_w.l(dfixui.o)
    0x00000584   0x00000584   0x00000026   Code   RO        12161    .text               mf_w.l(f2d.o)
    0x000005aa   0x000005aa   0x00000002   PAD
    0x000005ac   0x000005ac   0x00000030   Code   RO        12165    .text               mf_w.l(cdrcmple.o)
    0x000005dc   0x000005dc   0x00000038   Code   RO        12167    .text               mf_w.l(d2f.o)
    0x00000614   0x00000614   0x00000020   Code   RO        12223    .text               mc_w.l(llushr.o)
    0x00000634   0x00000634   0x00000000   Code   RO        12232    .text               mc_w.l(iusefp.o)
    0x00000634   0x00000634   0x0000006e   Code   RO        12233    .text               mf_w.l(fepilogue.o)
    0x000006a2   0x000006a2   0x000000ba   Code   RO        12235    .text               mf_w.l(depilogue.o)
    0x0000075c   0x0000075c   0x0000002e   Code   RO        12237    .text               mf_w.l(dscalb.o)
    0x0000078a   0x0000078a   0x000000a2   Code   RO        12239    .text               mf_w.l(dsqrt.o)
    0x0000082c   0x0000082c   0x00000024   Code   RO        12245    .text               mc_w.l(init.o)
    0x00000850   0x00000850   0x0000003a   Code   RO        12257    .text               mc_w.l(__dczerorl.o)
    0x0000088a   0x0000088a   0x00000002   PAD
    0x0000088c   0x0000088c   0x000004bc   Code   RO         1738    i.ALT_Ctrl          height_control.o
    0x00000d48   0x00000d48   0x000000f4   Code   RO         2197    i.ANO_DT_Data_Receive_Anl  ano_dt.o
    0x00000e3c   0x00000e3c   0x0000002c   Code   RO         2198    i.ANO_DT_Data_Receive_Anl_Task  ano_dt.o
    0x00000e68   0x00000e68   0x000000ec   Code   RO         2199    i.ANO_DT_Data_Receive_Prepare  ano_dt.o
    0x00000f54   0x00000f54   0x00000024   Code   RO         2200    i.ANO_DT_GetParame  ano_dt.o
    0x00000f78   0x00000f78   0x000001f0   Code   RO         2202    i.ANO_DT_ParListToParUsed  ano_dt.o
    0x00001168   0x00001168   0x000000f4   Code   RO         2204    i.ANO_DT_SendCmd    ano_dt.o
    0x0000125c   0x0000125c   0x00000018   Code   RO         2208    i.ANO_DT_Send_Data  ano_dt.o
    0x00001274   0x00001274   0x000004a0   Code   RO         1268    i.ATT_Update        imu.o
    0x00001714   0x00001714   0x0000003c   Code   RO         2015    i.ActionHoldPoint   followline_eg2.o
    0x00001750   0x00001750   0x00000358   Code   RO         1479    i.AnalyRC           remote.o
    0x00001aa8   0x00001aa8   0x00000078   Code   RO          764    i.AnoOF_Check       ano_of.o
    0x00001b20   0x00001b20   0x000000d8   Code   RO          765    i.AnoOF_DataAnl     ano_of.o
    0x00001bf8   0x00001bf8   0x00000100   Code   RO          766    i.AnoOF_GetOneByte  ano_of.o
    0x00001cf8   0x00001cf8   0x00000024   Code   RO          767    i.AnoOF_State_Get   ano_of.o
    0x00001d1c   0x00001d1c   0x0000000a   Code   RO          768    i.AnoOF_State_Task  ano_of.o
    0x00001d26   0x00001d26   0x00000026   Code   RO         1392    i.ClacCascadePID    pid.o
    0x00001d4c   0x00001d4c   0x0000001a   Code   RO          696    i.Delay_ms          timer_drv.o
    0x00001d66   0x00001d66   0x00000018   Code   RO          697    i.Delay_us          timer_drv.o
    0x00001d7e   0x00001d7e   0x00000002   PAD
    0x00001d80   0x00001d80   0x000000b0   Code   RO          548    i.EUSCIA0_IRQHandler  hardware_uart.o
    0x00001e30   0x00001e30   0x000000bc   Code   RO          549    i.EUSCIA1_IRQHandler  hardware_uart.o
    0x00001eec   0x00001eec   0x000000a0   Code   RO          550    i.EUSCIA2_IRQHandler  hardware_uart.o
    0x00001f8c   0x00001f8c   0x000000c4   Code   RO          551    i.EUSCIA3_IRQHandler  hardware_uart.o
    0x00002050   0x00002050   0x00000002   Code   RO          182    i.EUSCIB0_IRQHandler  msp432_interrupt.o
    0x00002052   0x00002052   0x00000002   PAD
    0x00002054   0x00002054   0x00000014   Code   RO         1905    i.FC_Unlock_Fun     program_ctrl.o
    0x00002068   0x00002068   0x00000224   Code   RO         1693    i.FlightPidControl  control.o
    0x0000228c   0x0000228c   0x00000070   Code   RO         1906    i.FlyCtrlReset      program_ctrl.o
    0x000022fc   0x000022fc   0x00000148   Code   RO         2016    i.Follow_Init       followline_eg2.o
    0x00002444   0x00002444   0x000000e4   Code   RO         1269    i.GetAngle          imu.o
    0x00002528   0x00002528   0x000000f0   Code   RO          996    i.GetMPU6050Data    mpu6050.o
    0x00002618   0x00002618   0x000001f4   Code   RO          997    i.GetMPU6050Offset  mpu6050.o
    0x0000280c   0x0000280c   0x00000044   Code   RO          698    i.GetSysTime_us     timer_drv.o
    0x00002850   0x00002850   0x00000054   Code   RO         1639    i.Hadrware_Init     init.o
    0x000028a4   0x000028a4   0x00000002   Code   RO          183    i.HardFault_Handler  msp432_interrupt.o
    0x000028a6   0x000028a6   0x00000002   PAD
    0x000028a8   0x000028a8   0x00000014   Code   RO          239    i.Hardware_LED_Green_OFF  hardware.o
    0x000028bc   0x000028bc   0x00000014   Code   RO          240    i.Hardware_LED_Green_ON  hardware.o
    0x000028d0   0x000028d0   0x00000002   Code   RO          241    i.Hardware_LED_Green_TOGGLE  hardware.o
    0x000028d2   0x000028d2   0x00000002   PAD
    0x000028d4   0x000028d4   0x00000014   Code   RO          254    i.Hardware_LED_Red_OFF  hardware.o
    0x000028e8   0x000028e8   0x00000014   Code   RO          255    i.Hardware_LED_Red_ON  hardware.o
    0x000028fc   0x000028fc   0x00000002   Code   RO          256    i.Hardware_LED_Red_TOGGLE  hardware.o
    0x000028fe   0x000028fe   0x00000002   PAD
    0x00002900   0x00002900   0x00000014   Code   RO          461    i.I2C_Init          hardware_i2c.o
    0x00002914   0x00002914   0x00000040   Code   RO          462    i.I2C_Read_Byte     hardware_i2c.o
    0x00002954   0x00002954   0x00000062   Code   RO          463    i.I2C_Read_Bytes    hardware_i2c.o
    0x000029b6   0x000029b6   0x00000030   Code   RO          464    i.I2C_Write_Byte    hardware_i2c.o
    0x000029e6   0x000029e6   0x00000002   PAD
    0x000029e8   0x000029e8   0x0000006c   Code   RO          465    i.IIC_RecvACK       hardware_i2c.o
    0x00002a54   0x00002a54   0x00000064   Code   RO          466    i.IIC_RecvByte      hardware_i2c.o
    0x00002ab8   0x00002ab8   0x0000008c   Code   RO          467    i.IIC_SendACK       hardware_i2c.o
    0x00002b44   0x00002b44   0x0000008c   Code   RO          468    i.IIC_SendByte      hardware_i2c.o
    0x00002bd0   0x00002bd0   0x0000005c   Code   RO          469    i.IIC_Start         hardware_i2c.o
    0x00002c2c   0x00002c2c   0x00000058   Code   RO          470    i.IIC_Stop          hardware_i2c.o
    0x00002c84   0x00002c84   0x0000002c   Code   RO         1271    i.IMU_Reset         imu.o
    0x00002cb0   0x00002cb0   0x00000128   Code   RO         1786    i.KernelPolling     kernel.o
    0x00002dd8   0x00002dd8   0x00000094   Code   RO          939    i.LEDEventHandle    led.o
    0x00002e6c   0x00002e6c   0x0000006c   Code   RO          940    i.LEDInit           led.o
    0x00002ed8   0x00002ed8   0x00000034   Code   RO          257    i.MCU_Init          hardware.o
    0x00002f0c   0x00002f0c   0x00000094   Code   RO          998    i.MPU6050Init       mpu6050.o
    0x00002fa0   0x00002fa0   0x00000368   Code   RO         1694    i.MotorControl      control.o
    0x00003308   0x00003308   0x00000084   Code   RO          401    i.Motor_Init        motor.o
    0x0000338c   0x0000338c   0x00000014   Code   RO         1907    i.One_Key_Land      program_ctrl.o
    0x000033a0   0x000033a0   0x0000013c   Code   RO         1908    i.One_Key_Take_off_Land_Ctrl_Task  program_ctrl.o
    0x000034dc   0x000034dc   0x00000018   Code   RO         1909    i.One_Key_Takeoff   program_ctrl.o
    0x000034f4   0x000034f4   0x000000c0   Code   RO         1640    i.PID_Init          init.o
    0x000035b4   0x000035b4   0x00000394   Code   RO         1875    i.POS_Ctrl          pos_ctrl.o
    0x00003948   0x00003948   0x00000002   Code   RO          184    i.PendSV_Handler    msp432_interrupt.o
    0x0000394a   0x0000394a   0x00000002   PAD
    0x0000394c   0x0000394c   0x00000098   Code   RO          941    i.PollingLED        led.o
    0x000039e4   0x000039e4   0x00000160   Code   RO          552    i.PollingUSART      hardware_uart.o
    0x00003b44   0x00003b44   0x000004bc   Code   RO         1911    i.Program_Ctrl_Task  program_ctrl.o
    0x00004000   0x00004000   0x00000044   Code   RO         1332    i.Q_rsqrt           mymath.o
    0x00004044   0x00004044   0x00000178   Code   RO         1480    i.RCReceiveHandle   remote.o
    0x000041bc   0x000041bc   0x00000100   Code   RO         1482    i.RemoteUnlock      remote.o
    0x000042bc   0x000042bc   0x0000002c   Code   RO         1483    i.Remote_init       remote.o
    0x000042e8   0x000042e8   0x00000010   Code   RO         1057    i.ResetAlt          spl06.o
    0x000042f8   0x000042f8   0x00000064   Code   RO         1393    i.ResetPID          pid.o
    0x0000435c   0x0000435c   0x00000022   Code   RO         1058    i.SPL06Check        spl06.o
    0x0000437e   0x0000437e   0x00000002   PAD
    0x00004380   0x00004380   0x00000084   Code   RO         1059    i.SPL06Init         spl06.o
    0x00004404   0x00004404   0x00000002   Code   RO         1060    i.SPL06Update       spl06.o
    0x00004406   0x00004406   0x00000002   Code   RO          185    i.SVC_Handler       msp432_interrupt.o
    0x00004408   0x00004408   0x00000074   Code   RO          699    i.SysTick_Configuration  timer_drv.o
    0x0000447c   0x0000447c   0x0000005c   Code   RO          700    i.SysTick_Handler   timer_drv.o
    0x000044d8   0x000044d8   0x0000023c   Code   RO        11679    i.SystemCoreClockUpdate  system_msp432p401r.o
    0x00004714   0x00004714   0x000000d8   Code   RO        11680    i.SystemInit        system_msp432p401r.o
    0x000047ec   0x000047ec   0x00000014   Code   RO         5636    i.Timer_A_setCompareValue  timer_a.o
    0x00004800   0x00004800   0x00000010   Code   RO          553    i.UART_A0_ReceiveHandle  hardware_uart.o
    0x00004810   0x00004810   0x00000010   Code   RO          554    i.UART_A1_ReceiveHandle  hardware_uart.o
    0x00004820   0x00004820   0x0000001c   Code   RO          555    i.UART_A2_ReceiveHandle  hardware_uart.o
    0x0000483c   0x0000483c   0x00000002   Code   RO          556    i.UART_A3_ReceiveHandle  hardware_uart.o
    0x0000483e   0x0000483e   0x00000008   Code   RO         5889    i.UART_clearInterruptFlag  uart.o
    0x00004846   0x00004846   0x00000028   Code   RO         5907    i.UART_transmitData  uart.o
    0x0000486e   0x0000486e   0x00000002   PAD
    0x00004870   0x00004870   0x000001f8   Code   RO          557    i.USART_Init        hardware_uart.o
    0x00004a68   0x00004a68   0x0000004c   Code   RO          558    i.USART_TX          hardware_uart.o
    0x00004ab4   0x00004ab4   0x000000e0   Code   RO         2018    i.UpdateAction      followline_eg2.o
    0x00004b94   0x00004b94   0x00000070   Code   RO         2019    i.UpdateButton      followline_eg2.o
    0x00004c04   0x00004c04   0x0000001c   Code   RO         1913    i.UpdateCMD         program_ctrl.o
    0x00004c20   0x00004c20   0x00000020   Code   RO         2020    i.UpdateCentControl  followline_eg2.o
    0x00004c40   0x00004c40   0x000000b4   Code   RO          404    i.UpdateMotor       motor.o
    0x00004cf4   0x00004cf4   0x0000019c   Code   RO         1394    i.UpdatePID         pid.o
    0x00004e90   0x00004e90   0x00000110   Code   RO         1064    i.UpdateSPL06Info   spl06.o
    0x00004fa0   0x00004fa0   0x000000d0   Code   RO         2021    i.UpdateStatus      followline_eg2.o
    0x00005070   0x00005070   0x00000038   Code   RO         1818    i.WZ_Est_Calcu      speed_estimator.o
    0x000050a8   0x000050a8   0x0000019c   Code   RO         1819    i.WZ_Fix_Calcu      speed_estimator.o
    0x00005244   0x00005244   0x00000040   Code   RO         1820    i.WZ_Fus_Reset      speed_estimator.o
    0x00005284   0x00005284   0x00000190   Code   RO         1821    i.WZ_Obs_Calcu      speed_estimator.o
    0x00005414   0x00005414   0x00000024   Code   RO        11884    i.__0sprintf$bare   mc_w.l(printfb.o)
    0x00005438   0x00005438   0x00000030   Code   RO        12183    i.__ARM_fpclassify  m_wm.l(fpclassify.o)
    0x00005468   0x00005468   0x00000026   Code   RO        12185    i.__ARM_fpclassifyf  m_wm.l(fpclassifyf.o)
    0x0000548e   0x0000548e   0x00000002   PAD
    0x00005490   0x00005490   0x00000360   Code   RO        11712    i.__hardfp_asin     m_wm.l(asin.o)
    0x000057f0   0x000057f0   0x00000250   Code   RO        11726    i.__hardfp_atan2f   m_wm.l(atan2f.o)
    0x00005a40   0x00005a40   0x00000c50   Code   RO        11800    i.__hardfp_pow      m_wm.l(pow.o)
    0x00006690   0x00006690   0x000000f8   Code   RO        12201    i.__kernel_poly     m_wm.l(poly.o)
    0x00006788   0x00006788   0x00000030   Code   RO        12169    i.__mathlib_dbl_divzero  m_wm.l(dunder.o)
    0x000067b8   0x000067b8   0x00000014   Code   RO        12170    i.__mathlib_dbl_infnan  m_wm.l(dunder.o)
    0x000067cc   0x000067cc   0x00000014   Code   RO        12171    i.__mathlib_dbl_infnan2  m_wm.l(dunder.o)
    0x000067e0   0x000067e0   0x00000020   Code   RO        12172    i.__mathlib_dbl_invalid  m_wm.l(dunder.o)
    0x00006800   0x00006800   0x00000020   Code   RO        12173    i.__mathlib_dbl_overflow  m_wm.l(dunder.o)
    0x00006820   0x00006820   0x00000020   Code   RO        12175    i.__mathlib_dbl_underflow  m_wm.l(dunder.o)
    0x00006840   0x00006840   0x00000006   Code   RO        12189    i.__mathlib_flt_infnan2  m_wm.l(funder.o)
    0x00006846   0x00006846   0x00000002   PAD
    0x00006848   0x00006848   0x00000010   Code   RO        12193    i.__mathlib_flt_underflow  m_wm.l(funder.o)
    0x00006858   0x00006858   0x0000000e   Code   RO        12251    i.__scatterload_copy  mc_w.l(handlers.o)
    0x00006866   0x00006866   0x00000002   Code   RO        12252    i.__scatterload_null  mc_w.l(handlers.o)
    0x00006868   0x00006868   0x0000000e   Code   RO        12253    i.__scatterload_zeroinit  mc_w.l(handlers.o)
    0x00006876   0x00006876   0x00000002   PAD
    0x00006878   0x00006878   0x0000000c   Code   RO        12227    i.__set_errno       mc_w.l(errno.o)
    0x00006884   0x00006884   0x00000022   Code   RO        11889    i._printf_core      mc_w.l(printfb.o)
    0x000068a6   0x000068a6   0x0000000a   Code   RO        11891    i._sputc            mc_w.l(printfb.o)
    0x000068b0   0x000068b0   0x000001e8   Code   RO         1065    i.bsp_SPL06_Get_Calib_Coef  spl06.o
    0x00006a98   0x00006a98   0x000000c4   Code   RO         1066    i.bsp_SPL06_Get_Pressure  spl06.o
    0x00006b5c   0x00006b5c   0x00000040   Code   RO         1067    i.bsp_SPL06_Get_Pressure_Adc  spl06.o
    0x00006b9c   0x00006b9c   0x0000016a   Code   RO         1070    i.bsp_SPL06_Pressure_Rate_Set  spl06.o
    0x00006d06   0x00006d06   0x00000014   Code   RO         1071    i.bsp_SPL06_Set_And_Start_Measure  spl06.o
    0x00006d1a   0x00006d1a   0x0000017a   Code   RO         1072    i.bsp_SPL06_Temperature_Rate_Set  spl06.o
    0x00006e94   0x00006e94   0x00000054   Code   RO         1435    i.deQueue           queue.o
    0x00006ee8   0x00006ee8   0x0000000e   Code   RO          471    i.delay             hardware_i2c.o
    0x00006ef6   0x00006ef6   0x00000054   Code   RO         1436    i.enQueue           queue.o
    0x00006f4a   0x00006f4a   0x00000018   Code   RO        11768    i.fabs              m_wm.l(fabs.o)
    0x00006f62   0x00006f62   0x00000002   PAD
    0x00006f64   0x00006f64   0x00000044   Code   RO         2100    i.gcs_init          gcs.o
    0x00006fa8   0x00006fa8   0x00000010   Code   RO            4    i.main              main.o
    0x00006fb8   0x00006fb8   0x0000004c   Code   RO          865    i.server_init       server.o
    0x00007004   0x00007004   0x0000006e   Code   RO        11830    i.sqrt              m_wm.l(sqrt.o)
    0x00007072   0x00007072   0x00000002   PAD
    0x00007074   0x00007074   0x00000090   Data   RO          560    .constdata          hardware_uart.o
    0x00007104   0x00007104   0x00000018   Data   RO          867    .constdata          server.o
    0x0000711c   0x0000711c   0x00000018   Data   RO         1338    .constdata          mymath.o
    0x00007134   0x00007134   0x00000004   PAD
    0x00007138   0x00007138   0x00000050   Data   RO        11715    .constdata          m_wm.l(asin.o)
    0x00007188   0x00007188   0x00000088   Data   RO        11803    .constdata          m_wm.l(pow.o)
    0x00007210   0x00007210   0x00000008   Data   RO        12203    .constdata          m_wm.l(qnan.o)
    0x00007218   0x00007218   0x00000020   Data   RO        12249    Region$$Table       anon$$obj.o


    Execution Region RW_IRAM1 (Exec base: 0x20000000, Load base: 0x00007238, Size: 0x00001a10, Max: 0x00010000, ABSOLUTE, COMPRESSED[0x00000054])

    Exec Addr    Load Addr    Size         Type   Attr      Idx    E Section Name        Object

    0x20000000   COMPRESSED   0x00000018   Data   RW          405    .data               motor.o
    0x20000018   COMPRESSED   0x00000001   Data   RW          472    .data               hardware_i2c.o
    0x20000019   COMPRESSED   0x00000003   PAD
    0x2000001c   COMPRESSED   0x0000000c   Data   RW          561    .data               hardware_uart.o
    0x20000028   COMPRESSED   0x00000008   Data   RW          701    .data               timer_drv.o
    0x20000030   COMPRESSED   0x0000000a   Data   RW          770    .data               ano_of.o
    0x2000003a   COMPRESSED   0x00000006   Data   RW          905    .data               battery.o
    0x20000040   COMPRESSED   0x0000000d   Data   RW          942    .data               led.o
    0x2000004d   COMPRESSED   0x00000003   PAD
    0x20000050   COMPRESSED   0x00000008   Data   RW         1000    .data               mpu6050.o
    0x20000058   COMPRESSED   0x0000002c   Data   RW         1273    .data               imu.o
    0x20000084   COMPRESSED   0x00000006   Data   RW         1486    .data               remote.o
    0x2000008a   COMPRESSED   0x00000002   PAD
    0x2000008c   COMPRESSED   0x00000012   Data   RW         1696    .data               control.o
    0x2000009e   COMPRESSED   0x00000002   PAD
    0x200000a0   COMPRESSED   0x00000035   Data   RW         1740    .data               height_control.o
    0x200000d5   COMPRESSED   0x00000003   PAD
    0x200000d8   COMPRESSED   0x00000018   Data   RW         1788    .data               kernel.o
    0x200000f0   COMPRESSED   0x0000004c   Data   RW         1823    .data               speed_estimator.o
    0x2000013c   COMPRESSED   0x00000048   Data   RW         1876    .data               pos_ctrl.o
    0x20000184   COMPRESSED   0x00000012   Data   RW         1915    .data               program_ctrl.o
    0x20000196   COMPRESSED   0x00000002   PAD
    0x20000198   COMPRESSED   0x00000023   Data   RW         2023    .data               followline_eg2.o
    0x200001bb   COMPRESSED   0x00000001   PAD
    0x200001bc   COMPRESSED   0x00000018   Data   RW         2102    .data               gcs.o
    0x200001d4   COMPRESSED   0x00000020   Data   RW         2221    .data               ano_dt.o
    0x200001f4   COMPRESSED   0x00000004   Data   RW        11681    .data               system_msp432p401r.o
    0x200001f8   COMPRESSED   0x00000004   Data   RW        12228    .data               mc_w.l(errno.o)
    0x200001fc        -       0x00000730   Zero   RW          559    .bss                hardware_uart.o
    0x2000092c        -       0x0000007a   Zero   RW          769    .bss                ano_of.o
    0x200009a6   COMPRESSED   0x00000002   PAD
    0x200009a8        -       0x00000058   Zero   RW          999    .bss                mpu6050.o
    0x20000a00        -       0x000000a4   Zero   RW         1073    .bss                spl06.o
    0x20000aa4        -       0x0000000c   Zero   RW         1272    .bss                imu.o
    0x20000ab0        -       0x000003fc   Zero   RW         1395    .bss                pid.o
    0x20000eac        -       0x00000070   Zero   RW         1485    .bss                remote.o
    0x20000f1c        -       0x0000000c   Zero   RW         1695    .bss                control.o
    0x20000f28        -       0x00000024   Zero   RW         1739    .bss                height_control.o
    0x20000f4c        -       0x0000000c   Zero   RW         1822    .bss                speed_estimator.o
    0x20000f58        -       0x0000007c   Zero   RW         1914    .bss                program_ctrl.o
    0x20000fd4        -       0x00000038   Zero   RW         2022    .bss                followline_eg2.o
    0x2000100c        -       0x0000002c   Zero   RW         2101    .bss                gcs.o
    0x20001038        -       0x000002d6   Zero   RW         2220    .bss                ano_dt.o
    0x2000130e   COMPRESSED   0x00000002   PAD
    0x20001310        -       0x00000700   Zero   RW        11669    STACK               startup_msp432p401r_uvision.o


==============================================================================

Image component sizes


      Code (inc. data)   RO Data    RW Data    ZI Data      Debug   Object Name

      1324         76          0         32        726       9180   ano_dt.o
       638         46          0         10        122       4879   ano_of.o
         0          0          0          6          0        656   battery.o
      1420        100          0         18         12       4516   control.o
       964        122          0         35         56       8744   followline_eg2.o
        68         32          0         24         44       3799   gcs.o
       136         28          0          0          0       3647   hardware.o
       912         42          0          1          0       7418   hardware_i2c.o
      1714        116        144         12       1840      15247   hardware_uart.o
      1212        158          0         53         36       2853   height_control.o
      1456         82          0         44         12       3426   imu.o
       276         54          0          0          0       2415   init.o
       296         32          0         24          0       2066   kernel.o
       408         36          0         13          0       3359   led.o
        16          0          0          0          0     204824   main.o
       312         16          0         24          0       1595   motor.o
       888         38          0          8         88       4556   mpu6050.o
         8          0          0          0          0       4030   msp432_interrupt.o
        68          4         24          0          0       1037   mymath.o
       550         18          0          0       1020       3475   pid.o
       916         78          0         72          0       2020   pos_ctrl.o
      1732        130          0         18        124       6353   program_ctrl.o
       168          0          0          0          0       2503   queue.o
      1532        124          0          6        112       5010   remote.o
        76         12         24          0          0        570   server.o
       932        168          0         76         12       4453   speed_estimator.o
      1964         94          0          0        164      13736   spl06.o
        36          8        324          0       1792        892   startup_msp432p401r_uvision.o
       788         86          0          4          0       1943   system_msp432p401r.o
        20          0          0          0          0        698   timer_a.o
       326         54          0          8          0      33922   timer_drv.o
        48          0          0          0          0       1210   uart.o

    ----------------------------------------------------------------------
     21222       1754        552        504       6164     365032   Object Totals
         0          0         32          0          0          0   (incl. Generated)
        18          0          4         16          4          0   (incl. Padding)

    ----------------------------------------------------------------------

      Code (inc. data)   RO Data    RW Data    ZI Data      Debug   Library Member Name

       864         94         80          0          0        280   asin.o
       592         90          0          0          0        184   atan2f.o
       184         44          0          0          0        744   dunder.o
        24          0          0          0          0        124   fabs.o
        48          0          0          0          0        124   fpclassify.o
        38          0          0          0          0        116   fpclassifyf.o
        22          6          0          0          0        232   funder.o
       248          0          0          0          0        152   poly.o
      3152        296        136          0          0        352   pow.o
         0          0          8          0          0          0   qnan.o
       110          0          0          0          0        148   sqrt.o
        58          0          0          0          0          0   __dczerorl.o
         0          0          0          0          0          0   entry.o
         0          0          0          0          0          0   entry10a.o
         0          0          0          0          0          0   entry11a.o
         8          4          0          0          0          0   entry2.o
         4          0          0          0          0          0   entry5.o
         0          0          0          0          0          0   entry7b.o
         0          0          0          0          0          0   entry8b.o
         8          4          0          0          0          0   entry9a.o
        12          6          0          4          0         68   errno.o
        30          0          0          0          0          0   handlers.o
        36          8          0          0          0         68   init.o
         0          0          0          0          0          0   iusefp.o
        30          0          0          0          0         68   llshl.o
        36          0          0          0          0         68   llsshr.o
        32          0          0          0          0         68   llushr.o
        36          0          0          0          0         68   memcpya.o
        36          0          0          0          0        108   memseta.o
        80          4          0          0          0        236   printfb.o
        48          0          0          0          0         68   cdrcmple.o
        56          0          0          0          0         88   d2f.o
       334          0          0          0          0        148   dadd.o
       222          0          0          0          0        100   ddiv.o
       186          0          0          0          0        176   depilogue.o
        50          0          0          0          0         76   dfixui.o
        34          0          0          0          0         76   dflti.o
        26          0          0          0          0         76   dfltui.o
       228          0          0          0          0         96   dmul.o
        46          0          0          0          0         80   dscalb.o
       162          0          0          0          0        100   dsqrt.o
        38          0          0          0          0         68   f2d.o
       110          0          0          0          0        168   fepilogue.o

    ----------------------------------------------------------------------
      7242        556        224          4          0       4528   Library Totals
        14          0          0          0          0          0   (incl. Padding)

    ----------------------------------------------------------------------

      Code (inc. data)   RO Data    RW Data    ZI Data      Debug   Library Name

      5282        530        224          0          0       2456   m_wm.l
       406         26          0          4          0        752   mc_w.l
      1540          0          0          0          0       1320   mf_w.l

    ----------------------------------------------------------------------
      7242        556        224          4          0       4528   Library Totals

    ----------------------------------------------------------------------

==============================================================================


      Code (inc. data)   RO Data    RW Data    ZI Data      Debug   

     28464       2310        776        508       6164     357204   Grand Totals
     28464       2310        776         84       6164     357204   ELF Image Totals (compressed)
     28464       2310        776         84          0          0   ROM Totals

==============================================================================

    Total RO  Size (Code + RO Data)                29240 (  28.55kB)
    Total RW  Size (RW Data + ZI Data)              6672 (   6.52kB)
    Total ROM Size (Code + RO Data + RW Data)      29324 (  28.64kB)

==============================================================================

