<html>
<body>
<pre>
<h1>礦ision Build Log</h1>
<h2>Tool Versions:</h2>
IDE-Version: μVision V5.24.2.0
Copyright (C) 2017 ARM Ltd and ARM Germany GmbH. All rights reserved.
License Information: Chan 642717304@qq.com, CUG, LIC=JL28G-VNWUL-9UV4U-S0YLX-MT351-3Y3PU
 
Tool Versions:
Toolchain:       MDK-ARM Plus  Version: 5.24.1
Toolchain Path:  D:\Keil_v5\ARM\ARMCC\Bin
C Compiler:      Armcc.exe V5.06 update 5 (build 528)
Assembler:       Armasm.exe V5.06 update 5 (build 528)
Linker/Locator:  ArmLink.exe V5.06 update 5 (build 528)
Library Manager: ArmAr.exe V5.06 update 5 (build 528)
Hex Converter:   FromElf.exe V5.06 update 5 (build 528)
CPU DLL:         SARMCM3.DLL V5.24.1
Dialog DLL:      DCM.DLL V1.16.0.0
Target DLL:      CMSIS_AGDI.dll V1.28.3.0
Dialog DLL:      TCM.DLL V1.32.0.0
 
<h2>Project:</h2>
X:\飞控\flight\F260（进阶视频中使用的432飞控）\TI_FMU F260\TI_FMU F260\TI_MSP.uvprojx
Project File Date:  06/25/2024

<h2>Output:</h2>
*** Using Compiler 'V5.06 update 5 (build 528)', folder: 'D:\Keil_v5\ARM\ARMCC\Bin'
Build target 'ZKHD_MSP432_FMU'
compiling main.c...
compiling mpu6050.c...
compiling Ano_OF.c...
compiling SPL06.c...
compiling hardware.c...
compiling HARDWARE_uart.c...
compiling timer_drv.c...
compiling server.c...
compiling battery.c...
compiling HARDWARE_i2c.c...
compiling filter.c...
compiling motor.c...
compiling MSP432_Interrupt.c...
compiling eeprom.c...
compiling LED.c...
compiling kalman.c...
compiling pid.c...
compiling myMath.c...
compiling imu.c...
compiling queue.c...
compiling pos_ctrl.c...
compiling Init.c...
compiling speed_estimator.c...
Control\speed_estimator.c(201): warning:  #188-D: enumerated type mixed with another type
                  ANO_OF.STATE.alt = 0;
Control\speed_estimator.c: 1 warning, 0 errors
compiling SDK.c...
compiling control.c...
compiling height_control.c...
compiling kernel.c...
compiling program_ctrl.c...
Control\program_ctrl.c(87): warning:  #177-D: variable "time_compensate_ms"  was declared but never referenced
      static s16 time_compensate_ms;
Control\program_ctrl.c: 1 warning, 0 errors
compiling FollowLine_eg2.c...
compiling gcs.c...
compiling remote.c...
compiling cpu.c...
compiling aes256.c...
compiling comp_e.c...
compiling adc14.c...
compiling crc32.c...
compiling ZKHD_Link.c...
compiling fpu.c...
compiling dma.c...
compiling mpu.c...
compiling Ano_DT.c...
compiling cs.c...
compiling interrupt.c...
compiling gpio.c...
Driver\MSP432P4xx\gpio.c(71): warning:  #1296-D: extended constant initialiser used
      (uint32_t)
Driver\MSP432P4xx\gpio.c(72): warning:  #1296-D: extended constant initialiser used
      (uint32_t)
Driver\MSP432P4xx\gpio.c(73): warning:  #1296-D: extended constant initialiser used
      (uint32_t)
Driver\MSP432P4xx\gpio.c(74): warning:  #1296-D: extended constant initialiser used
      (uint32_t)
Driver\MSP432P4xx\gpio.c(75): warning:  #1296-D: extended constant initialiser used
      (uint32_t)
Driver\MSP432P4xx\gpio.c(76): warning:  #1296-D: extended constant initialiser used
      (uint32_t)
Driver\MSP432P4xx\gpio.c(77): warning:  #1296-D: extended constant initialiser used
      (uint32_t)
Driver\MSP432P4xx\gpio.c(78): warning:  #1296-D: extended constant initialiser used
      (uint32_t)
Driver\MSP432P4xx\gpio.c(79): warning:  #1296-D: extended constant initialiser used
      (uint32_t)
Driver\MSP432P4xx\gpio.c(80): warning:  #1296-D: extended constant initialiser used
      (uint32_t)
Driver\MSP432P4xx\gpio.c(81): warning:  #1296-D: extended constant initialiser used
      (uint32_t)PJ
Driver\MSP432P4xx\gpio.c: 11 warnings, 0 errors
compiling i2c.c...
compiling flash.c...
compiling pmap.c...
compiling pss.c...
compiling ref_a.c...
compiling pcm.c...
compiling reset.c...
compiling systick.c...
compiling sysctl.c...
compiling rtc_c.c...
compiling spi.c...
compiling BasicMathFunctionsF16.c...
compiling BayesFunctions.c...
compiling timer32.c...
compiling timer_a.c...
compiling uart.c...
compiling BayesFunctionsF16.c...
compiling BasicMathFunctions.c...
compiling CommonTablesF16.c...
compiling wdt_a.c...
compiling ComplexMathFunctions.c...
compiling ComplexMathFunctionsF16.c...
compiling DistanceFunctionsF16.c...
compiling ControllerFunctions.c...
compiling FastMathFunctionsF16.c...
D:\Keil_v5\Packs\ARM\CMSIS-DSP\1.14.2\Source\FastMathFunctions\arm_vexp_f16.c(96): warning:  #1-D: last line of file ends without a newline
   */
D:\Keil_v5\Packs\ARM\CMSIS-DSP\1.14.2\Source\FastMathFunctions\FastMathFunctionsF16.c: 1 warning, 0 errors
compiling FilteringFunctionsF16.c...
compiling DistanceFunctions.c...
compiling FastMathFunctions.c...
D:\Keil_v5\Packs\ARM\CMSIS-DSP\1.14.2\Source\FastMathFunctions\arm_vexp_f32.c(123): warning:  #1-D: last line of file ends without a newline
   */
D:\Keil_v5\Packs\ARM\CMSIS-DSP\1.14.2\Source\FastMathFunctions\FastMathFunctions.c: 1 warning, 0 errors
compiling InterpolationFunctions.c...
compiling InterpolationFunctionsF16.c...
compiling MatrixFunctionsF16.c...
D:\Keil_v5\Packs\ARM\CMSIS-DSP\1.14.2\Source\MatrixFunctions\MatrixFunctionsF16.c(43): warning:  #1-D: last line of file ends without a newline
  #include "arm_householder_f16.c"
D:\Keil_v5\Packs\ARM\CMSIS-DSP\1.14.2\Source\MatrixFunctions\MatrixFunctionsF16.c: 1 warning, 0 errors
compiling QuaternionMathFunctions.c...
compiling SVMFunctions.c...
assembling startup_msp432p401r_uvision.s...
compiling SVMFunctionsF16.c...
compiling CommonTables.c...
compiling StatisticsFunctionsF16.c...
compiling SupportFunctionsF16.c...
compiling TransformFunctionsF16.c...
compiling SupportFunctions.c...
compiling StatisticsFunctions.c...
compiling MatrixFunctions.c...
compiling system_msp432p401r.c...
compiling TransformFunctions.c...
compiling FilteringFunctions.c...
linking...
Program Size: Code=28464 RO-data=776 RW-data=508 ZI-data=6164  
FromELF: creating hex file...
".\Objects\ZKHD_MSP432_FMU.axf" - 0 Error(s), 16 Warning(s).

<h2>Software Packages used:</h2>

Package Vendor: ARM
                http://www.keil.com/pack/ARM.CMSIS.5.9.0.pack
                ARM.CMSIS.5.9.0
                CMSIS (Common Microcontroller Software Interface Standard)
   * Component: CORE Version: 5.6.0

Package Vendor: ARM
                https://www.keil.com/pack/ARM.CMSIS-DSP.1.14.2.pack
                ARM.CMSIS-DSP.1.14.2
                CMSIS Embedded Compute Library
   * Component: DSP Variant: Source Version: 1.14.2

Package Vendor: TexasInstruments
                http://software-dl.ti.com/msp430/msp430_public_sw/mcu/msp430/msp432cmsis/latest/exports/TexasInstruments.MSP432P4xx_DFP.3.2.6.pack
                TexasInstruments.MSP432P4xx_DFP.3.2.6
                Device Family Pack for Texas Instruments SimpleLink(TM) MSP432 Series
   * Component: Startup Version: 3.2.2

<h2>Collection of Component include folders:</h2>
  .\RTE\_ZKHD_MSP432_FMU
  D:\Keil_v5\Packs\ARM\CMSIS-DSP\1.14.2\Include
  D:\Keil_v5\Packs\ARM\CMSIS-DSP\1.14.2\PrivateInclude
  D:\Keil_v5\Packs\ARM\CMSIS\5.9.0\CMSIS\Core\Include
  D:\Keil_v5\Packs\TexasInstruments\MSP432P4xx_DFP\3.2.6\Device\Include

<h2>Collection of Component Files used:</h2>

   * Component: TexasInstruments::Device:Startup:3.2.2
      Include file:  Device\Include\msp_compatibility.h
      Source file:   Device\Source\system_msp432p401r.c
      Source file:   Device\Source\startup_msp432p401r_uvision.s
      Source file:   Examples\BlinkLED\blinkLED.c
      Source file:   Examples\EmptyMain\main.c

   * Component: ARM::CMSIS:DSP:Source:1.14.2
      Include file:  Include\arm_math_f16.h
      Include file:  Include\arm_const_structs.h
      Source file:   Source\MatrixFunctions\MatrixFunctions.c
      Source file:   Source\SupportFunctions\SupportFunctions.c
      Source file:   Source\InterpolationFunctions\InterpolationFunctions.c
      Source file:   Source\FilteringFunctions\FilteringFunctionsF16.c
      Source file:   Source\QuaternionMathFunctions\QuaternionMathFunctions.c
      Source file:   Source\ComplexMathFunctions\ComplexMathFunctions.c
      Source file:   Source\CommonTables\CommonTablesF16.c
      Source file:   Source\InterpolationFunctions\InterpolationFunctionsF16.c
      Source file:   Source\DistanceFunctions\DistanceFunctions.c
      Source file:   Source\BasicMathFunctions\BasicMathFunctions.c
      Source file:   Source\CommonTables\CommonTables.c
      Source file:   Source\FilteringFunctions\FilteringFunctions.c
      Source file:   Source\SVMFunctions\SVMFunctions.c
      Include file:  Include\arm_const_structs_f16.h
      Source file:   Source\TransformFunctions\TransformFunctions.c
      Source file:   Source\BayesFunctions\BayesFunctions.c
      Source file:   Source\BasicMathFunctions\BasicMathFunctionsF16.c
      Include file:  Include\arm_common_tables.h
      Source file:   Source\FastMathFunctions\FastMathFunctions.c
      Source file:   Source\ControllerFunctions\ControllerFunctions.c
      Include file:  Include\arm_common_tables_f16.h
      Source file:   Source\ComplexMathFunctions\ComplexMathFunctionsF16.c
      Source file:   Source\StatisticsFunctions\StatisticsFunctions.c
      Source file:   Source\TransformFunctions\TransformFunctionsF16.c
      Source file:   Source\MatrixFunctions\MatrixFunctionsF16.c
      Include file:  Include\arm_math.h
      Source file:   Source\BayesFunctions\BayesFunctionsF16.c
      Source file:   Source\SVMFunctions\SVMFunctionsF16.c
      Source file:   Source\FastMathFunctions\FastMathFunctionsF16.c
      Source file:   Source\DistanceFunctions\DistanceFunctionsF16.c
      Source file:   Source\StatisticsFunctions\StatisticsFunctionsF16.c
      Source file:   Source\SupportFunctions\SupportFunctionsF16.c

   * Component: ARM::CMSIS:CORE:5.6.0
Build Time Elapsed:  00:00:12
</pre>
</body>
</html>
